2026-08-29 06:30:48 [INFO] uvh_test.main: Processing video: /home/users/oauser/mvsa/realrun/test.mp4
2026-08-29 06:30:48 [INFO] uvh_test.detector: Loading YOLO model from /storage/users/oauser/mvsa/models/UVH-26/weights/YOLOv11-S/UVH-26-MV-YOLOv11-S.pt
2026-08-29 06:30:49 [INFO] uvh_test.detector: Loaded 14 classes.
2026-08-29 06:30:56 [DEBUG] uvh_test.counter: track_id: 1, frame: 444, previous_bottom_center: (1274.364501953125, 363.41852), current_bottom_center: (1284.26123046875, 361.70203), previous_side: -2.84, current_side: 5.15, side_transition: True, crossing_result: True, direction: A_TO_B
2026-08-29 06:30:56 [DEBUG] uvh_test.main: frame=444 COUNTED track_id=1 class=Two-wheeler
2026-08-29 06:30:59 [DEBUG] uvh_test.counter: track_id: 3, frame: 654, previous_bottom_center: (1569.7633056640625, 639.1229), current_bottom_center: (1605.644775390625, 606.1919), previous_side: -4.45, current_side: 44.09, side_transition: True, crossing_result: True, direction: A_TO_B
2026-08-29 06:30:59 [DEBUG] uvh_test.counter: track_id: 7, frame: 654, previous_bottom_center: (1606.457763671875, 695.7181), current_bottom_center: (1645.2545166015625, 659.7081), previous_side: -21.05, current_side: 31.73, side_transition: True, crossing_result: True, direction: A_TO_B
2026-08-29 06:30:59 [INFO] uvh_test.counter: SAFETY NET REJECTION: Rejecting tid=7 as duplicate of class Truck, dist=66.6px
2026-08-29 06:30:59 [DEBUG] uvh_test.main: frame=654 COUNTED track_id=3 class=Truck
2026-08-29 06:30:59 [DEBUG] uvh_test.counter: track_id: 4, frame: 657, previous_bottom_center: (1550.051513671875, 661.9009), current_bottom_center: (1595.39892578125, 649.9143), previous_side: -34.56, current_side: 5.05, side_transition: True, crossing_result: True, direction: A_TO_B
2026-08-29 06:30:59 [INFO] uvh_test.counter: SAFETY NET REJECTION: Rejecting tid=4 as duplicate of class Truck, dist=44.9px
2026-08-29 06:30:59 [DEBUG] uvh_test.counter: track_id: 6, frame: 657, previous_bottom_center: (1598.005859375, 709.84204), current_bottom_center: (1643.361328125, 697.8886), previous_side: -37.16, current_side: 2.43, side_transition: True, crossing_result: True, direction: A_TO_B
2026-08-29 06:30:59 [INFO] uvh_test.counter: SAFETY NET REJECTION: Rejecting tid=6 as duplicate of class Truck, dist=99.2px
2026-08-29 06:31:04 [DEBUG] uvh_test.counter: track_id: 15, frame: 1180, previous_bottom_center: (1405.1829833984375, 596.9171), current_bottom_center: (1494.431640625, 555.3215), previous_side: -85.30, current_side: 5.86, side_transition: True, crossing_result: True, direction: A_TO_B
2026-08-29 06:31:04 [DEBUG] uvh_test.counter: track_id: 16, frame: 1180, previous_bottom_center: (1295.0771484375, 647.6844), current_bottom_center: (1442.59619140625, 486.2557), previous_side: -197.35, current_side: 21.32, side_transition: True, crossing_result: True, direction: A_TO_B
2026-08-29 06:31:04 [INFO] uvh_test.counter: SAFETY NET REJECTION: Rejecting tid=16 as duplicate of class SUV, dist=86.4px
2026-08-29 06:31:04 [DEBUG] uvh_test.main: frame=1180 COUNTED track_id=15 class=SUV
2026-08-29 06:31:12 [DEBUG] uvh_test.counter: track_id: 22, frame: 2014, previous_bottom_center: (1264.1923828125, 375.51288), current_bottom_center: (1299.2772216796875, 369.66135), previous_side: -18.62, current_side: 9.51, side_transition: True, crossing_result: True, direction: A_TO_B
2026-08-29 06:31:12 [DEBUG] uvh_test.main: frame=2014 COUNTED track_id=22 class=SUV
2026-08-29 06:31:14 [DEBUG] uvh_test.counter: track_id: 24, frame: 2240, previous_bottom_center: (1280.433349609375, 369.10587), current_bottom_center: (1322.440673828125, 361.4302), previous_side: -2.89, current_side: 31.29, side_transition: True, crossing_result: True, direction: A_TO_B
2026-08-29 06:31:14 [DEBUG] uvh_test.main: frame=2240 COUNTED track_id=24 class=Two-wheeler
2026-08-29 06:31:21 [DEBUG] uvh_test.counter: track_id: 27, frame: 2977, previous_bottom_center: (1256.29150390625, 364.7594), current_bottom_center: (1284.34130859375, 359.99582), previous_side: -16.10, current_side: 6.45, side_transition: True, crossing_result: True, direction: A_TO_B
2026-08-29 06:31:21 [DEBUG] uvh_test.main: frame=2977 COUNTED track_id=27 class=Two-wheeler
2026-08-29 06:31:29 [DEBUG] uvh_test.counter: track_id: 28, frame: 3834, previous_bottom_center: (1429.9287109375, 536.5084), current_bottom_center: (1480.6357421875, 522.1342), previous_side: -24.16, current_side: 20.84, side_transition: True, crossing_result: True, direction: A_TO_B
2026-08-29 06:31:29 [DEBUG] uvh_test.main: frame=3834 COUNTED track_id=28 class=Two-wheeler
2026-08-29 06:31:32 [DEBUG] uvh_test.counter: track_id: 29, frame: 4080, previous_bottom_center: (1296.814208984375, 409.52917), current_bottom_center: (1337.857177734375, 399.6841), previous_side: -21.42, current_side: 13.69, side_transition: True, crossing_result: True, direction: A_TO_B
2026-08-29 06:31:32 [DEBUG] uvh_test.main: frame=4080 COUNTED track_id=29 class=Two-wheeler
2026-08-29 06:31:33 [DEBUG] uvh_test.counter: track_id: 30, frame: 4137, previous_bottom_center: (1274.8553466796875, 364.7617), current_bottom_center: (1302.876953125, 359.96637), previous_side: -3.49, current_side: 19.07, side_transition: True, crossing_result: True, direction: A_TO_B
2026-08-29 06:31:33 [INFO] uvh_test.counter: SAFETY NET REJECTION: Rejecting tid=30 as duplicate of class Two-wheeler, dist=52.9px
2026-08-29 06:31:37 [DEBUG] uvh_test.counter: track_id: 31, frame: 4557, previous_bottom_center: (1603.994873046875, 728.07556), current_bottom_center: (1651.09326171875, 695.9887), previous_side: -46.47, current_side: 9.08, side_transition: True, crossing_result: True, direction: A_TO_B
2026-08-29 06:31:37 [DEBUG] uvh_test.main: frame=4557 COUNTED track_id=31 class=Two-wheeler
2026-08-29 06:31:40 [DEBUG] uvh_test.counter: track_id: 33, frame: 4917, previous_bottom_center: (1454.946533203125, 604.7466), current_bottom_center: (1548.420654296875, 592.0766), previous_side: -57.23, current_side: 15.57, side_transition: True, crossing_result: True, direction: A_TO_B
2026-08-29 06:31:40 [DEBUG] uvh_test.main: frame=4917 COUNTED track_id=33 class=Sedan
2026-08-29 06:31:40 [DEBUG] uvh_test.counter: track_id: 34, frame: 4920, previous_bottom_center: (1504.8267822265625, 581.57477), current_bottom_center: (1541.7581787109375, 526.715), previous_side: -6.34, current_side: 59.00, side_transition: True, crossing_result: True, direction: A_TO_B
2026-08-29 06:31:40 [INFO] uvh_test.counter: SAFETY NET REJECTION: Rejecting tid=34 as duplicate of class Sedan, dist=65.7px
2026-08-29 06:31:53 [DEBUG] uvh_test.counter: track_id: 43, frame: 6290, previous_bottom_center: (1274.96435546875, 388.96625), current_bottom_center: (1325.7838134765625, 377.92285), previous_side: -21.18, current_side: 21.45, side_transition: True, crossing_result: True, direction: A_TO_B
2026-08-29 06:31:53 [DEBUG] uvh_test.main: frame=6290 COUNTED track_id=43 class=Two-wheeler
2026-08-29 06:31:58 [DEBUG] uvh_test.counter: track_id: 45, frame: 6814, previous_bottom_center: (1250.6875, 345.1717), current_bottom_center: (1288.3623046875, 339.60513), previous_side: -5.53, current_side: 24.15, side_transition: True, crossing_result: True, direction: A_TO_B
2026-08-29 06:31:58 [DEBUG] uvh_test.main: frame=6814 COUNTED track_id=45 class=Two-wheeler
2026-08-29 06:32:02 [DEBUG] uvh_test.counter: track_id: 47, frame: 7247, previous_bottom_center: (1541.97021484375, 659.9132), current_bottom_center: (1636.2080078125, 604.47784), previous_side: -38.59, current_side: 66.11, side_transition: True, crossing_result: True, direction: A_TO_B
2026-08-29 06:32:02 [DEBUG] uvh_test.main: frame=7247 COUNTED track_id=47 class=Two-wheeler
2026-08-29 06:32:02 [DEBUG] uvh_test.counter: track_id: 49, frame: 7284, previous_bottom_center: (1409.191650390625, 492.689), current_bottom_center: (1423.413330078125, 486.9253), previous_side: -6.09, current_side: 7.80, side_transition: True, crossing_result: True, direction: A_TO_B
2026-08-29 06:32:02 [DEBUG] uvh_test.main: frame=7284 COUNTED track_id=49 class=Two-wheeler
2026-08-29 06:32:04 [DEBUG] uvh_test.counter: track_id: 51, frame: 7394, previous_bottom_center: (1320.505859375, 402.3302), current_bottom_center: (1328.5634765625, 402.5808), previous_side: -0.04, current_side: 5.25, side_transition: True, crossing_result: True, direction: A_TO_B
2026-08-29 06:32:04 [DEBUG] uvh_test.main: frame=7394 COUNTED track_id=51 class=Bus
2026-08-29 06:32:04 [INFO] uvh_test.counter: SAFETY NET MERGE: Merging current tid=48 into lost_tid=48, dist=40.2px
2026-08-29 06:32:04 [DEBUG] uvh_test.main: frame=7400 COUNTED track_id=48 class=Bus
2026-08-29 06:32:04 [DEBUG] uvh_test.counter: track_id: 54, frame: 7414, previous_bottom_center: (1420.00048828125, 503.70074), current_bottom_center: (1455.1474609375, 503.67874), previous_side: -6.83, current_side: 17.07, side_transition: True, crossing_result: True, direction: A_TO_B
2026-08-29 06:32:04 [DEBUG] uvh_test.main: frame=7414 COUNTED track_id=54 class=Bus
2026-08-29 06:32:04 [DEBUG] uvh_test.counter: track_id: 53, frame: 7417, previous_bottom_center: (1372.654541015625, 454.44278), current_bottom_center: (1405.0609130859375, 454.5966), previous_side: -2.85, current_side: 19.05, side_transition: True, crossing_result: True, direction: A_TO_B
2026-08-29 06:32:04 [INFO] uvh_test.counter: SAFETY NET REJECTION: Rejecting tid=53 as duplicate of class Bus, dist=92.5px
2026-08-29 06:32:04 [DEBUG] uvh_test.counter: track_id: 55, frame: 7427, previous_bottom_center: (1266.9404296875, 403.539), current_bottom_center: (1460.510986328125, 405.87326), previous_side: -37.32, current_side: 92.48, side_transition: True, crossing_result: True, direction: A_TO_B
2026-08-29 06:32:04 [INFO] uvh_test.counter: SAFETY NET REJECTION: Rejecting tid=55 as duplicate of class Bus, dist=132.0px
2026-08-29 06:32:07 [DEBUG] uvh_test.counter: track_id: 58, frame: 7737, previous_bottom_center: (1503.606201171875, 649.0766), current_bottom_center: (1570.1234130859375, 609.2628), previous_side: -56.70, current_side: 17.70, side_transition: True, crossing_result: True, direction: A_TO_B
2026-08-29 06:32:07 [INFO] uvh_test.counter: SAFETY NET REJECTION: Rejecting tid=58 as duplicate of class Two-wheeler, dist=66.3px
2026-08-29 06:32:09 [DEBUG] uvh_test.counter: track_id: 59, frame: 7940, previous_bottom_center: (1255.5032958984375, 366.6076), current_bottom_center: (1284.655029296875, 361.1142), previous_side: -17.99, current_side: 5.85, side_transition: True, crossing_result: True, direction: A_TO_B
2026-08-29 06:32:09 [DEBUG] uvh_test.main: frame=7940 COUNTED track_id=59 class=Two-wheeler
2026-08-29 06:32:10 [DEBUG] uvh_test.counter: track_id: 63, frame: 8057, previous_bottom_center: (1308.425048828125, 437.4945), current_bottom_center: (1356.6279296875, 426.23355), previous_side: -34.05, current_side: 6.96, side_transition: True, crossing_result: True, direction: A_TO_B
2026-08-29 06:32:10 [INFO] uvh_test.counter: SAFETY NET REJECTION: Rejecting tid=63 as duplicate of class Two-wheeler, dist=97.1px
2026-08-29 06:32:12 [DEBUG] uvh_test.counter: track_id: 67, frame: 8237, previous_bottom_center: (1330.423095703125, 451.3375), current_bottom_center: (1374.23046875, 438.91458), previous_side: -29.26, current_side: 9.61, side_transition: True, crossing_result: True, direction: A_TO_B
2026-08-29 06:32:12 [INFO] uvh_test.counter: SAFETY NET REJECTION: Rejecting tid=67 as duplicate of class Two-wheeler, dist=118.6px
2026-08-29 06:32:12 [DEBUG] uvh_test.counter: track_id: 70, frame: 8254, previous_bottom_center: (1278.068359375, 364.87305), current_bottom_center: (1303.719482421875, 360.4264), previous_side: -1.39, current_side: 19.30, side_transition: True, crossing_result: True, direction: A_TO_B
2026-08-29 06:32:12 [INFO] uvh_test.counter: SAFETY NET REJECTION: Rejecting tid=70 as duplicate of class Two-wheeler, dist=19.1px
2026-08-29 06:32:16 [DEBUG] uvh_test.counter: track_id: 72, frame: 8657, previous_bottom_center: (1488.386962890625, 627.0936), current_bottom_center: (1564.2080078125, 586.60046), previous_side: -50.91, current_side: 30.31, side_transition: True, crossing_result: True, direction: A_TO_B
2026-08-29 06:32:16 [DEBUG] uvh_test.main: frame=8657 COUNTED track_id=72 class=Two-wheeler
2026-08-29 06:32:17 [DEBUG] uvh_test.counter: track_id: 75, frame: 8747, previous_bottom_center: (1281.4677734375, 408.35144), current_bottom_center: (1344.49755859375, 394.7847), previous_side: -30.98, current_side: 21.80, side_transition: True, crossing_result: True, direction: A_TO_B
2026-08-29 06:32:17 [DEBUG] uvh_test.main: frame=8747 COUNTED track_id=75 class=Two-wheeler
2026-08-29 06:32:20 [DEBUG] uvh_test.counter: track_id: 77, frame: 9134, previous_bottom_center: (1274.168212890625, 362.51398), current_bottom_center: (1301.533203125, 358.17944), previous_side: -2.31, current_side: 19.47, side_transition: True, crossing_result: True, direction: A_TO_B
2026-08-29 06:32:20 [INFO] uvh_test.counter: SAFETY NET REJECTION: Rejecting tid=77 as duplicate of class Two-wheeler, dist=56.4px
2026-08-29 06:32:25 [DEBUG] uvh_test.counter: track_id: 87, frame: 9617, previous_bottom_center: (1313.7642822265625, 424.7617), current_bottom_center: (1367.08056640625, 411.4787), previous_side: -21.08, current_side: 24.89, side_transition: True, crossing_result: True, direction: A_TO_B
2026-08-29 06:32:25 [DEBUG] uvh_test.main: frame=9617 COUNTED track_id=87 class=Two-wheeler
2026-08-29 06:32:27 [DEBUG] uvh_test.counter: track_id: 79, frame: 9797, previous_bottom_center: (1261.5390625, 368.30444), current_bottom_center: (1297.6424560546875, 361.82153), previous_side: -15.13, current_side: 14.15, side_transition: True, crossing_result: True, direction: A_TO_B
2026-08-29 06:32:27 [INFO] uvh_test.counter: SAFETY NET REJECTION: Rejecting tid=79 as duplicate of class Two-wheeler, dist=85.4px
2026-08-29 06:32:28 [DEBUG] uvh_test.counter: track_id: 93, frame: 9930, previous_bottom_center: (1301.748779296875, 405.4216), current_bottom_center: (1323.9676513671875, 400.54422), previous_side: -15.05, current_side: 3.62, side_transition: True, crossing_result: True, direction: A_TO_B
2026-08-29 06:32:28 [INFO] uvh_test.counter: SAFETY NET REJECTION: Rejecting tid=93 as duplicate of class Two-wheeler, dist=44.5px
2026-08-29 06:32:29 [DEBUG] uvh_test.counter: track_id: 91, frame: 10017, previous_bottom_center: (1287.0751953125, 373.97238), current_bottom_center: (1319.1356201171875, 368.11606), previous_side: -1.94, current_side: 24.13, side_transition: True, crossing_result: True, direction: A_TO_B
2026-08-29 06:32:29 [INFO] uvh_test.counter: SAFETY NET REJECTION: Rejecting tid=91 as duplicate of class Two-wheeler, dist=64.6px
2026-08-29 06:32:30 [DEBUG] uvh_test.counter: track_id: 99, frame: 10094, previous_bottom_center: (1289.4345703125, 391.0857), current_bottom_center: (1320.782958984375, 384.4558), previous_side: -12.90, current_side: 13.26, side_transition: True, crossing_result: True, direction: A_TO_B
2026-08-29 06:32:30 [INFO] uvh_test.counter: SAFETY NET REJECTION: Rejecting tid=99 as duplicate of class Two-wheeler, dist=53.6px
2026-08-29 06:32:31 [DEBUG] uvh_test.counter: track_id: 103, frame: 10170, previous_bottom_center: (1284.026611328125, 370.01562), current_bottom_center: (1298.1473388671875, 367.23718), previous_side: -1.11, current_side: 10.52, side_transition: True, crossing_result: True, direction: A_TO_B
2026-08-29 06:32:31 [DEBUG] uvh_test.main: frame=10170 COUNTED track_id=103 class=Two-wheeler
2026-08-29 06:32:32 [DEBUG] uvh_test.counter: track_id: 109, frame: 10307, previous_bottom_center: (1337.853759765625, 422.80914), current_bottom_center: (1393.8486328125, 409.7561), previous_side: -3.28, current_side: 44.34, side_transition: True, crossing_result: True, direction: A_TO_B
2026-08-29 06:32:32 [INFO] uvh_test.counter: SAFETY NET REJECTION: Rejecting tid=109 as duplicate of class Two-wheeler, dist=104.7px
2026-08-29 06:32:32 [DEBUG] uvh_test.counter: track_id: 104, frame: 10340, previous_bottom_center: (1263.7939453125, 391.69577), current_bottom_center: (1302.84033203125, 383.66245), previous_side: -30.77, current_side: 1.66, side_transition: True, crossing_result: True, direction: A_TO_B
2026-08-29 06:32:32 [INFO] uvh_test.counter: SAFETY NET REJECTION: Rejecting tid=104 as duplicate of class Two-wheeler, dist=17.1px
2026-08-29 06:32:36 [DEBUG] uvh_test.counter: track_id: 111, frame: 10737, previous_bottom_center: (1239.2117919921875, 337.09732), current_bottom_center: (1251.89404296875, 334.70108), previous_side: -7.40, current_side: 2.97, side_transition: True, crossing_result: True, direction: A_TO_B
2026-08-29 06:32:36 [DEBUG] uvh_test.counter: track_id: 112, frame: 10737, previous_bottom_center: (1299.03369140625, 387.12454), current_bottom_center: (1331.291015625, 380.60315), previous_side: -3.47, current_side: 23.23, side_transition: True, crossing_result: True, direction: A_TO_B
2026-08-29 06:32:36 [INFO] uvh_test.counter: SAFETY NET REJECTION: Rejecting tid=112 as duplicate of class Two-wheeler, dist=91.7px
2026-08-29 06:32:36 [DEBUG] uvh_test.main: frame=10737 COUNTED track_id=111 class=Two-wheeler
2026-08-29 06:32:38 [DEBUG] uvh_test.counter: track_id: 114, frame: 10880, previous_bottom_center: (1249.338134765625, 344.7539), current_bottom_center: (1266.753662109375, 342.30466), previous_side: -6.14, current_side: 7.49, side_transition: True, crossing_result: True, direction: A_TO_B
2026-08-29 06:32:38 [INFO] uvh_test.counter: SAFETY NET REJECTION: Rejecting tid=114 as duplicate of class Two-wheeler, dist=16.7px
2026-08-29 06:32:40 [DEBUG] uvh_test.counter: track_id: 116, frame: 11140, previous_bottom_center: (1249.13671875, 347.235), current_bottom_center: (1273.52978515625, 343.61142), previous_side: -8.10, current_side: 11.13, side_transition: True, crossing_result: True, direction: A_TO_B
2026-08-29 06:32:40 [INFO] uvh_test.counter: SAFETY NET REJECTION: Rejecting tid=116 as duplicate of class Two-wheeler, dist=23.4px
2026-08-29 06:32:41 [DEBUG] uvh_test.counter: track_id: 119, frame: 11224, previous_bottom_center: (1273.72314453125, 363.67752), current_bottom_center: (1282.8929443359375, 362.07147), previous_side: -3.46, current_side: 3.95, side_transition: True, crossing_result: True, direction: A_TO_B
2026-08-29 06:32:41 [INFO] uvh_test.counter: SAFETY NET REJECTION: Rejecting tid=119 as duplicate of class Two-wheeler, dist=41.4px
2026-08-29 06:32:42 [DEBUG] uvh_test.counter: track_id: 121, frame: 11297, previous_bottom_center: (1292.046875, 417.32135), current_bottom_center: (1337.59716796875, 407.4033), previous_side: -30.38, current_side: 7.85, side_transition: True, crossing_result: True, direction: A_TO_B
2026-08-29 06:32:42 [DEBUG] uvh_test.main: frame=11297 COUNTED track_id=121 class=Two-wheeler
2026-08-29 06:32:43 [DEBUG] uvh_test.counter: track_id: 125, frame: 11427, previous_bottom_center: (1361.665771484375, 520.894), current_bottom_center: (1453.917724609375, 490.20847), previous_side: -59.08, current_side: 26.11, side_transition: True, crossing_result: True, direction: A_TO_B
2026-08-29 06:32:43 [INFO] uvh_test.counter: SAFETY NET REJECTION: Rejecting tid=125 as duplicate of class Two-wheeler, dist=142.8px
2026-08-29 06:32:45 [DEBUG] uvh_test.counter: track_id: 117, frame: 11627, previous_bottom_center: (1254.7171630859375, 357.3394), current_bottom_center: (1293.0687255859375, 350.6993), previous_side: -11.72, current_side: 19.20, side_transition: True, crossing_result: True, direction: A_TO_B
2026-08-29 06:32:45 [INFO] uvh_test.counter: SAFETY NET REJECTION: Rejecting tid=117 as duplicate of class Two-wheeler, dist=72.1px
2026-08-29 06:32:48 [DEBUG] uvh_test.counter: track_id: 128, frame: 11894, previous_bottom_center: (1355.2884521484375, 452.3194), current_bottom_center: (1396.9227294921875, 440.02283), previous_side: -13.09, current_side: 24.22, side_transition: True, crossing_result: True, direction: A_TO_B
2026-08-29 06:32:48 [DEBUG] uvh_test.main: frame=11894 COUNTED track_id=128 class=Two-wheeler
2026-08-29 06:32:53 [DEBUG] uvh_test.counter: track_id: 132, frame: 12350, previous_bottom_center: (1400.06103515625, 492.76935), current_bottom_center: (1416.2554931640625, 487.9648), previous_side: -12.35, current_side: 2.17, side_transition: True, crossing_result: True, direction: A_TO_B
2026-08-29 06:32:53 [INFO] uvh_test.counter: SAFETY NET REJECTION: Rejecting tid=132 as duplicate of class Two-wheeler, dist=51.7px
2026-08-29 06:32:53 [DEBUG] uvh_test.counter: track_id: 133, frame: 12367, previous_bottom_center: (1329.50927734375, 417.67197), current_bottom_center: (1369.2357177734375, 409.01038), previous_side: -5.18, current_side: 28.16, side_transition: True, crossing_result: True, direction: A_TO_B
2026-08-29 06:32:53 [INFO] uvh_test.counter: SAFETY NET REJECTION: Rejecting tid=133 as duplicate of class Two-wheeler, dist=41.6px
2026-08-29 06:32:53 [DEBUG] uvh_test.counter: track_id: 136, frame: 12374, previous_bottom_center: (1278.303955078125, 373.07452), current_bottom_center: (1302.878173828125, 368.24448), previous_side: -7.25, current_side: 12.99, side_transition: True, crossing_result: True, direction: A_TO_B
2026-08-29 06:32:53 [INFO] uvh_test.counter: SAFETY NET REJECTION: Rejecting tid=136 as duplicate of class Two-wheeler, dist=118.3px
2026-08-29 06:32:56 [DEBUG] uvh_test.counter: track_id: 135, frame: 12587, previous_bottom_center: (1041.830078125, 416.75482), current_bottom_center: (1331.104736328125, 388.41608), previous_side: -199.95, current_side: 17.37, side_transition: True, crossing_result: True, direction: A_TO_B
2026-08-29 06:32:56 [DEBUG] uvh_test.main: frame=12587 COUNTED track_id=135 class=Two-wheeler
2026-08-29 06:32:56 [DEBUG] uvh_test.counter: track_id: 142, frame: 12620, previous_bottom_center: (1258.576904296875, 346.03598), current_bottom_center: (1280.9193115234375, 342.70685), previous_side: -0.81, current_side: 16.81, side_transition: True, crossing_result: True, direction: A_TO_B
2026-08-29 06:32:56 [INFO] uvh_test.counter: SAFETY NET REJECTION: Rejecting tid=142 as duplicate of class Two-wheeler, dist=67.9px
2026-08-29 06:32:57 [DEBUG] uvh_test.counter: track_id: 147, frame: 12697, previous_bottom_center: (1324.7603759765625, 416.33167), current_bottom_center: (1356.423095703125, 408.41492), previous_side: -7.42, current_side: 19.90, side_transition: True, crossing_result: True, direction: A_TO_B
2026-08-29 06:32:57 [INFO] uvh_test.counter: SAFETY NET REJECTION: Rejecting tid=147 as duplicate of class Two-wheeler, dist=32.3px
2026-08-29 06:32:58 [DEBUG] uvh_test.counter: track_id: 151, frame: 12767, previous_bottom_center: (1286.951171875, 392.32495), current_bottom_center: (1335.66796875, 383.7418), previous_side: -15.50, current_side: 23.90, side_transition: True, crossing_result: True, direction: A_TO_B
2026-08-29 06:32:58 [INFO] uvh_test.counter: SAFETY NET REJECTION: Rejecting tid=151 as duplicate of class Two-wheeler, dist=6.5px
2026-08-29 06:33:01 [DEBUG] uvh_test.counter: track_id: 149, frame: 13050, previous_bottom_center: (1304.8209228515625, 392.05106), current_bottom_center: (1322.6290283203125, 388.2088), previous_side: -3.15, current_side: 11.76, side_transition: True, crossing_result: True, direction: A_TO_B
2026-08-29 06:33:01 [INFO] uvh_test.counter: SAFETY NET REJECTION: Rejecting tid=149 as duplicate of class Two-wheeler, dist=8.5px
2026-08-29 06:33:03 [DEBUG] uvh_test.counter: track_id: 155, frame: 13230, previous_bottom_center: (1273.5281982421875, 367.38928), current_bottom_center: (1291.110107421875, 363.87308), previous_side: -6.32, current_side: 8.21, side_transition: True, crossing_result: True, direction: A_TO_B
2026-08-29 06:33:03 [DEBUG] uvh_test.main: frame=13230 COUNTED track_id=155 class=Two-wheeler
2026-08-29 06:33:03 [DEBUG] uvh_test.counter: track_id: 156, frame: 13307, previous_bottom_center: (1227.0438232421875, 343.61115), current_bottom_center: (1264.286376953125, 338.09515), previous_side: -20.45, current_side: 8.90, side_transition: True, crossing_result: True, direction: A_TO_B
2026-08-29 06:33:03 [INFO] uvh_test.counter: SAFETY NET REJECTION: Rejecting tid=156 as duplicate of class Two-wheeler, dist=37.2px
2026-08-29 06:33:05 [DEBUG] uvh_test.counter: track_id: 157, frame: 13467, previous_bottom_center: (1272.157958984375, 386.30002), current_bottom_center: (1328.3421630859375, 375.64127), previous_side: -21.13, current_side: 24.87, side_transition: True, crossing_result: True, direction: A_TO_B
2026-08-29 06:33:05 [INFO] uvh_test.counter: SAFETY NET REJECTION: Rejecting tid=157 as duplicate of class Two-wheeler, dist=39.0px
2026-08-29 06:33:07 [DEBUG] uvh_test.counter: track_id: 161, frame: 13607, previous_bottom_center: (1615.202880859375, 756.39514), current_bottom_center: (1684.6337890625, 705.4723), previous_side: -59.63, current_side: 24.90, side_transition: True, crossing_result: True, direction: A_TO_B
2026-08-29 06:33:07 [DEBUG] uvh_test.main: frame=13607 COUNTED track_id=161 class=Two-wheeler
2026-08-29 06:33:07 [DEBUG] uvh_test.counter: track_id: 166, frame: 13627, previous_bottom_center: (1466.362548828125, 612.0075), current_bottom_center: (1529.382080078125, 587.38416), previous_side: -54.80, current_side: 6.08, side_transition: True, crossing_result: True, direction: A_TO_B
2026-08-29 06:33:07 [DEBUG] uvh_test.main: frame=13627 COUNTED track_id=166 class=Two-wheeler
2026-08-29 06:33:07 [DEBUG] uvh_test.counter: track_id: 163, frame: 13644, previous_bottom_center: (1392.4847412109375, 471.59033), current_bottom_center: (1406.773193359375, 461.47913), previous_side: -1.96, current_side: 15.17, side_transition: True, crossing_result: True, direction: A_TO_B
2026-08-29 06:33:07 [DEBUG] uvh_test.main: frame=13644 COUNTED track_id=163 class=SUV
2026-08-29 06:33:07 [DEBUG] uvh_test.counter: track_id: 164, frame: 13647, previous_bottom_center: (1420.760009765625, 498.23215), current_bottom_center: (1457.073486328125, 498.37842), previous_side: -2.30, current_side: 22.26, side_transition: True, crossing_result: True, direction: A_TO_B
2026-08-29 06:33:07 [INFO] uvh_test.counter: SAFETY NET REJECTION: Rejecting tid=164 as duplicate of class SUV, dist=62.4px
2026-08-29 06:33:07 [DEBUG] uvh_test.counter: track_id: 170, frame: 13647, previous_bottom_center: (1461.076171875, 551.6578), current_bottom_center: (1498.075439453125, 551.66235), previous_side: -14.11, current_side: 11.02, side_transition: True, crossing_result: True, direction: A_TO_B
2026-08-29 06:33:07 [INFO] uvh_test.counter: SAFETY NET REJECTION: Rejecting tid=170 as duplicate of class SUV, dist=128.3px
2026-08-29 06:33:07 [DEBUG] uvh_test.counter: track_id: 165, frame: 13657, previous_bottom_center: (1458.180419921875, 550.26636), current_bottom_center: (1502.122314453125, 550.4298), previous_side: -15.06, current_side: 14.68, side_transition: True, crossing_result: True, direction: A_TO_B
2026-08-29 06:33:07 [INFO] uvh_test.counter: SAFETY NET REJECTION: Rejecting tid=165 as duplicate of class SUV, dist=130.4px
2026-08-29 06:33:08 [DEBUG] uvh_test.counter: track_id: 159, frame: 13684, previous_bottom_center: (1259.02587890625, 357.04895), current_bottom_center: (1270.63916015625, 355.13336), previous_side: -8.58, current_side: 0.71, side_transition: True, crossing_result: True, direction: A_TO_B
2026-08-29 06:33:08 [INFO] uvh_test.counter: SAFETY NET REJECTION: Rejecting tid=159 as duplicate of class Two-wheeler, dist=22.3px
2026-08-29 06:33:09 [DEBUG] uvh_test.counter: track_id: 169, frame: 13847, previous_bottom_center: (1240.8299560546875, 343.80777), current_bottom_center: (1283.088134765625, 337.32797), previous_side: -11.23, current_side: 22.24, side_transition: True, crossing_result: True, direction: A_TO_B
2026-08-29 06:33:09 [DEBUG] uvh_test.main: frame=13847 COUNTED track_id=169 class=Two-wheeler
2026-08-29 06:33:11 [DEBUG] uvh_test.counter: track_id: 162, frame: 13997, previous_bottom_center: (1346.1614990234375, 491.58063), current_bottom_center: (1404.002685546875, 474.9928), previous_side: -48.10, current_side: 3.37, side_transition: True, crossing_result: True, direction: A_TO_B
2026-08-29 06:33:11 [DEBUG] uvh_test.main: frame=13997 COUNTED track_id=162 class=Two-wheeler
2026-08-29 06:33:13 [DEBUG] uvh_test.counter: track_id: 176, frame: 14167, previous_bottom_center: (1481.762451171875, 592.4714), current_bottom_center: (1525.0087890625, 560.31696), previous_side: -30.01, current_side: 22.97, side_transition: True, crossing_result: True, direction: A_TO_B
2026-08-29 06:33:13 [DEBUG] uvh_test.counter: track_id: 179, frame: 14167, previous_bottom_center: (1542.594482421875, 672.2357), current_bottom_center: (1614.061279296875, 625.0903), previous_side: -47.21, current_side: 35.94, side_transition: True, crossing_result: True, direction: A_TO_B
2026-08-29 06:33:13 [DEBUG] uvh_test.counter: track_id: 180, frame: 14167, previous_bottom_center: (1414.72998046875, 647.6771), current_bottom_center: (1460.25439453125, 509.4302), previous_side: -116.06, current_side: 16.32, side_transition: True, crossing_result: True, direction: A_TO_B
2026-08-29 06:33:13 [INFO] uvh_test.counter: SAFETY NET REJECTION: Rejecting tid=180 as duplicate of class Sedan, dist=82.4px
2026-08-29 06:33:13 [DEBUG] uvh_test.main: frame=14167 COUNTED track_id=176 class=Sedan
2026-08-29 06:33:13 [DEBUG] uvh_test.main: frame=14167 COUNTED track_id=179 class=Two-wheeler
2026-08-29 06:33:13 [DEBUG] uvh_test.counter: track_id: 177, frame: 14170, previous_bottom_center: (1372.690185546875, 547.6257), current_bottom_center: (1500.845703125, 547.1114), previous_side: -71.20, current_side: 16.24, side_transition: True, crossing_result: True, direction: A_TO_B
2026-08-29 06:33:13 [INFO] uvh_test.counter: SAFETY NET REJECTION: Rejecting tid=177 as duplicate of class Sedan, dist=27.5px
2026-08-29 06:33:13 [DEBUG] uvh_test.counter: track_id: 171, frame: 14204, previous_bottom_center: (1252.269287109375, 342.4773), current_bottom_center: (1259.640625, 341.52536), previous_side: -2.48, current_side: 3.23, side_transition: True, crossing_result: True, direction: A_TO_B
2026-08-29 06:33:13 [INFO] uvh_test.counter: SAFETY NET REJECTION: Rejecting tid=171 as duplicate of class Two-wheeler, dist=23.8px
2026-08-29 06:33:18 [DEBUG] uvh_test.counter: track_id: 188, frame: 14690, previous_bottom_center: (1479.7889404296875, 566.196), current_bottom_center: (1511.884033203125, 553.23517), previous_side: -12.07, current_side: 19.25, side_transition: True, crossing_result: True, direction: A_TO_B
2026-08-29 06:33:18 [DEBUG] uvh_test.main: frame=14690 COUNTED track_id=188 class=Two-wheeler
2026-08-29 06:33:19 [DEBUG] uvh_test.counter: track_id: 192, frame: 14774, previous_bottom_center: (1552.379638671875, 629.2278), current_bottom_center: (1585.4298095703125, 607.49066), previous_side: -9.00, current_side: 29.40, side_transition: True, crossing_result: True, direction: A_TO_B
2026-08-29 06:33:19 [INFO] uvh_test.counter: SAFETY NET REJECTION: Rejecting tid=192 as duplicate of class Two-wheeler, dist=91.4px
2026-08-29 06:33:19 [DEBUG] uvh_test.counter: track_id: 196, frame: 14817, previous_bottom_center: (1281.291259765625, 386.78467), current_bottom_center: (1321.765869140625, 379.525), previous_side: -15.28, current_side: 17.55, side_transition: True, crossing_result: True, direction: A_TO_B
2026-08-29 06:33:19 [DEBUG] uvh_test.main: frame=14817 COUNTED track_id=196 class=Two-wheeler
2026-08-29 06:33:20 [DEBUG] uvh_test.counter: track_id: 202, frame: 14920, previous_bottom_center: (1389.2586669921875, 504.88974), current_bottom_center: (1449.802490234375, 457.41504), previous_side: -28.59, current_side: 47.38, side_transition: True, crossing_result: True, direction: A_TO_B
2026-08-29 06:33:20 [DEBUG] uvh_test.main: frame=14920 COUNTED track_id=202 class=Sedan
2026-08-29 06:33:20 [DEBUG] uvh_test.counter: track_id: 203, frame: 14924, previous_bottom_center: (1461.720703125, 544.38904), current_bottom_center: (1477.3994140625, 543.05646), previous_side: -8.34, current_side: 3.29, side_transition: True, crossing_result: True, direction: A_TO_B
2026-08-29 06:33:20 [INFO] uvh_test.counter: SAFETY NET REJECTION: Rejecting tid=203 as duplicate of class Sedan, dist=90.0px
2026-08-29 06:33:21 [DEBUG] uvh_test.counter: track_id: 189, frame: 14987, previous_bottom_center: (1232.2255859375, 341.26996), current_bottom_center: (1270.068115234375, 336.10278), previous_side: -15.21, current_side: 14.29, side_transition: True, crossing_result: True, direction: A_TO_B
2026-08-29 06:33:21 [INFO] uvh_test.counter: SAFETY NET REJECTION: Rejecting tid=189 as duplicate of class Two-wheeler, dist=67.5px
2026-08-29 06:33:23 [DEBUG] uvh_test.counter: track_id: 211, frame: 15167, previous_bottom_center: (1558.276123046875, 636.6016), current_bottom_center: (1628.571533203125, 593.2477), previous_side: -10.41, current_side: 69.16, side_transition: True, crossing_result: True, direction: A_TO_B
2026-08-29 06:33:23 [INFO] uvh_test.counter: SAFETY NET REJECTION: Rejecting tid=211 as duplicate of class Two-wheeler, dist=123.4px
2026-08-29 06:33:23 [DEBUG] uvh_test.counter: track_id: 195, frame: 15210, previous_bottom_center: (1338.98828125, 425.28604), current_bottom_center: (1366.5870361328125, 418.7657), previous_side: -4.33, current_side: 19.21, side_transition: True, crossing_result: True, direction: A_TO_B
2026-08-29 06:33:23 [INFO] uvh_test.counter: SAFETY NET REJECTION: Rejecting tid=195 as duplicate of class Two-wheeler, dist=59.6px
2026-08-29 06:33:24 [DEBUG] uvh_test.counter: track_id: 214, frame: 15250, previous_bottom_center: (1266.598388671875, 361.30902), current_bottom_center: (1283.9755859375, 358.6436), previous_side: -6.56, current_side: 7.20, side_transition: True, crossing_result: True, direction: A_TO_B
2026-08-29 06:33:24 [INFO] uvh_test.counter: SAFETY NET REJECTION: Rejecting tid=214 as duplicate of class Two-wheeler, dist=43.2px
2026-08-29 06:33:24 [DEBUG] uvh_test.counter: track_id: 218, frame: 15280, previous_bottom_center: (1490.5185546875, 642.31995), current_bottom_center: (1551.347900390625, 612.75024), previous_side: -60.64, current_side: 2.39, side_transition: True, crossing_result: True, direction: A_TO_B
2026-08-29 06:33:24 [DEBUG] uvh_test.main: frame=15280 COUNTED track_id=218 class=Two-wheeler
VideoWriter initialized at: /storage/users/oauser/mvsa/results/vehicle_count_v1/annotated.mp4
Traceback (most recent call last):
  File "/storage/users/oauser/mvsa/vehicle-counting/pipeline/counting/main.py", line 239, in <module>
    main()
  File "/storage/users/oauser/mvsa/vehicle-counting/pipeline/counting/main.py", line 197, in main
    annotator.write_frame(frame)
  File "/storage/users/oauser/mvsa/vehicle-counting/pipeline/counting/output.py", line 114, in write_frame
    self.writer.write(frame)
KeyboardInterrupt
