2026-08-28 12:59:50 [INFO] uvh_test.main: Processing video: /home/users/oauser/mvsa/realrun/test.mp4
2026-08-28 12:59:50 [INFO] uvh_test.detector: Loading YOLO model from /storage/users/oauser/mvsa/models/UVH-26/weights/YOLOv11-S/UVH-26-MV-YOLOv11-S.pt
2026-08-28 12:59:50 [INFO] uvh_test.detector: Loaded 14 classes.
2026-08-28 12:59:50 [INFO] uvh_test.main: Native video FPS: 100.0
2026-08-28 12:59:50 [INFO] uvh_test.main: Configured processing_fps: 30
2026-08-28 12:59:50 [INFO] uvh_test.main: Frames will be skipped to match processing_fps.
2026-08-28 12:59:54 [WARNING] uvh_test.main: OCR failed to extract time from first frame. Using config default.
2026-08-28 12:59:56 [DEBUG] uvh_test.main: frame=4 raw_class=Sedan raw_conf=0.413 kept_by_bytetrack=True track_id=None
2026-08-28 12:59:56 [DEBUG] uvh_test.main: frame=7 raw_class=Sedan raw_conf=0.404 kept_by_bytetrack=True track_id=None
2026-08-28 12:59:56 [DEBUG] uvh_test.main: frame=10 raw_class=Sedan raw_conf=0.405 kept_by_bytetrack=True track_id=None
2026-08-28 12:59:56 [DEBUG] uvh_test.main: frame=14 raw_class=Sedan raw_conf=0.410 kept_by_bytetrack=True track_id=None
2026-08-28 12:59:56 [DEBUG] uvh_test.main: frame=17 raw_class=Sedan raw_conf=0.414 kept_by_bytetrack=True track_id=None
2026-08-28 12:59:57 [DEBUG] uvh_test.main: frame=20 raw_class=Sedan raw_conf=0.402 kept_by_bytetrack=True track_id=None
2026-08-28 12:59:57 [DEBUG] uvh_test.main: frame=24 raw_class=Sedan raw_conf=0.387 kept_by_bytetrack=True track_id=None
2026-08-28 12:59:57 [DEBUG] uvh_test.main: frame=27 raw_class=Sedan raw_conf=0.384 kept_by_bytetrack=True track_id=None
2026-08-28 12:59:57 [DEBUG] uvh_test.main: frame=30 raw_class=Sedan raw_conf=0.392 kept_by_bytetrack=True track_id=None
2026-08-28 12:59:57 [DEBUG] uvh_test.main: frame=34 raw_class=Sedan raw_conf=0.394 kept_by_bytetrack=True track_id=None
2026-08-28 12:59:57 [DEBUG] uvh_test.main: frame=37 raw_class=Sedan raw_conf=0.398 kept_by_bytetrack=True track_id=None
2026-08-28 12:59:57 [DEBUG] uvh_test.main: frame=40 raw_class=Sedan raw_conf=0.380 kept_by_bytetrack=True track_id=None
2026-08-28 12:59:57 [DEBUG] uvh_test.main: frame=60 raw_class=Sedan raw_conf=0.372 kept_by_bytetrack=True track_id=None
2026-08-28 12:59:57 [DEBUG] uvh_test.main: frame=64 raw_class=Sedan raw_conf=0.379 kept_by_bytetrack=True track_id=None
2026-08-28 12:59:57 [DEBUG] uvh_test.main: frame=67 raw_class=Sedan raw_conf=0.390 kept_by_bytetrack=True track_id=None
2026-08-28 12:59:57 [DEBUG] uvh_test.main: frame=70 raw_class=Sedan raw_conf=0.389 kept_by_bytetrack=True track_id=None
2026-08-28 12:59:57 [DEBUG] uvh_test.main: frame=74 raw_class=Sedan raw_conf=0.372 kept_by_bytetrack=True track_id=None
2026-08-28 12:59:57 [DEBUG] uvh_test.main: frame=77 raw_class=Sedan raw_conf=0.372 kept_by_bytetrack=True track_id=None
2026-08-28 12:59:57 [DEBUG] uvh_test.main: frame=80 raw_class=Sedan raw_conf=0.379 kept_by_bytetrack=True track_id=None
2026-08-28 12:59:57 [DEBUG] uvh_test.main: frame=84 raw_class=Sedan raw_conf=0.355 kept_by_bytetrack=True track_id=None
2026-08-28 12:59:57 [DEBUG] uvh_test.main: frame=87 raw_class=Sedan raw_conf=0.355 kept_by_bytetrack=True track_id=None
2026-08-28 12:59:57 [DEBUG] uvh_test.main: frame=90 raw_class=Sedan raw_conf=0.356 kept_by_bytetrack=True track_id=None
2026-08-28 12:59:58 [DEBUG] uvh_test.main: frame=94 raw_class=Sedan raw_conf=0.356 kept_by_bytetrack=True track_id=None
2026-08-28 12:59:58 [DEBUG] uvh_test.main: frame=97 raw_class=Sedan raw_conf=0.355 kept_by_bytetrack=True track_id=None
2026-08-28 12:59:59 [DEBUG] uvh_test.main: frame=214 raw_class=Sedan raw_conf=0.423 kept_by_bytetrack=True track_id=None
2026-08-28 12:59:59 [DEBUG] uvh_test.main: frame=217 raw_class=Sedan raw_conf=0.424 kept_by_bytetrack=True track_id=None
2026-08-28 12:59:59 [DEBUG] uvh_test.main: frame=220 raw_class=Sedan raw_conf=0.430 kept_by_bytetrack=True track_id=None
2026-08-28 12:59:59 [DEBUG] uvh_test.main: frame=224 raw_class=Sedan raw_conf=0.425 kept_by_bytetrack=True track_id=None
2026-08-28 12:59:59 [DEBUG] uvh_test.main: frame=227 raw_class=Sedan raw_conf=0.407 kept_by_bytetrack=True track_id=None
2026-08-28 12:59:59 [DEBUG] uvh_test.main: frame=230 raw_class=Sedan raw_conf=0.407 kept_by_bytetrack=True track_id=None
2026-08-28 12:59:59 [DEBUG] uvh_test.main: frame=240 raw_class=Sedan raw_conf=0.355 kept_by_bytetrack=True track_id=None
2026-08-28 13:00:00 [DEBUG] uvh_test.main: frame=244 raw_class=Sedan raw_conf=0.351 kept_by_bytetrack=True track_id=None
2026-08-28 13:00:00 [DEBUG] uvh_test.main: frame=247 raw_class=Sedan raw_conf=0.356 kept_by_bytetrack=True track_id=None
2026-08-28 13:00:00 [DEBUG] uvh_test.main: frame=250 raw_class=Sedan raw_conf=0.362 kept_by_bytetrack=True track_id=None
2026-08-28 13:00:00 [DEBUG] uvh_test.main: frame=254 raw_class=Sedan raw_conf=0.405 kept_by_bytetrack=True track_id=None
2026-08-28 13:00:00 [DEBUG] uvh_test.main: frame=257 raw_class=Sedan raw_conf=0.383 kept_by_bytetrack=True track_id=None
2026-08-28 13:00:00 [DEBUG] uvh_test.main: frame=260 raw_class=Sedan raw_conf=0.354 kept_by_bytetrack=True track_id=None
2026-08-28 13:00:00 [DEBUG] uvh_test.main: frame=264 raw_class=Sedan raw_conf=0.354 kept_by_bytetrack=True track_id=None
2026-08-28 13:00:00 [DEBUG] uvh_test.main: frame=267 raw_class=Sedan raw_conf=0.351 kept_by_bytetrack=True track_id=None
2026-08-28 13:00:00 [DEBUG] uvh_test.main: frame=270 raw_class=Sedan raw_conf=0.351 kept_by_bytetrack=True track_id=None
2026-08-28 13:00:00 [DEBUG] uvh_test.main: frame=274 raw_class=Sedan raw_conf=0.378 kept_by_bytetrack=True track_id=None
2026-08-28 13:00:00 [DEBUG] uvh_test.main: frame=277 raw_class=Sedan raw_conf=0.376 kept_by_bytetrack=True track_id=None
2026-08-28 13:00:00 [DEBUG] uvh_test.main: frame=280 raw_class=Sedan raw_conf=0.381 kept_by_bytetrack=True track_id=None
2026-08-28 13:00:00 [DEBUG] uvh_test.main: frame=284 raw_class=Sedan raw_conf=0.379 kept_by_bytetrack=True track_id=None
2026-08-28 13:00:00 [DEBUG] uvh_test.main: frame=287 raw_class=Sedan raw_conf=0.387 kept_by_bytetrack=True track_id=None
2026-08-28 13:00:00 [DEBUG] uvh_test.main: frame=290 raw_class=Sedan raw_conf=0.386 kept_by_bytetrack=True track_id=None
2026-08-28 13:00:00 [DEBUG] uvh_test.main: frame=294 raw_class=Sedan raw_conf=0.363 kept_by_bytetrack=True track_id=None
2026-08-28 13:00:00 [DEBUG] uvh_test.main: frame=297 raw_class=Sedan raw_conf=0.371 kept_by_bytetrack=True track_id=None
2026-08-28 13:00:00 [DEBUG] uvh_test.main: frame=300 raw_class=Sedan raw_conf=0.370 kept_by_bytetrack=True track_id=None
2026-08-28 13:00:00 [DEBUG] uvh_test.main: frame=304 raw_class=Sedan raw_conf=0.369 kept_by_bytetrack=True track_id=None
2026-08-28 13:00:00 [DEBUG] uvh_test.main: frame=307 raw_class=Sedan raw_conf=0.373 kept_by_bytetrack=True track_id=None
2026-08-28 13:00:00 [DEBUG] uvh_test.main: frame=310 raw_class=Sedan raw_conf=0.373 kept_by_bytetrack=True track_id=None
2026-08-28 13:00:01 [INFO] uvh_test.main: Processed 100 frames... Count: 0
2026-08-28 13:00:01 [DEBUG] uvh_test.main: frame=340 raw_class=Two-wheeler raw_conf=0.723 kept_by_bytetrack=True track_id=1
2026-08-28 13:00:01 [DEBUG] uvh_test.main: frame=340 raw_class=bicycle raw_conf=0.494 kept_by_bytetrack=False track_id=None
2026-08-28 13:00:01 [DEBUG] uvh_test.main: frame=344 raw_class=Two-wheeler raw_conf=0.722 kept_by_bytetrack=True track_id=1
2026-08-28 13:00:01 [DEBUG] uvh_test.main: frame=347 raw_class=Two-wheeler raw_conf=0.875 kept_by_bytetrack=True track_id=1
2026-08-28 13:00:01 [DEBUG] uvh_test.main: frame=350 raw_class=Two-wheeler raw_conf=0.877 kept_by_bytetrack=True track_id=1
2026-08-28 13:00:01 [DEBUG] uvh_test.main: frame=354 raw_class=Two-wheeler raw_conf=0.864 kept_by_bytetrack=True track_id=1
2026-08-28 13:00:01 [DEBUG] uvh_test.main: frame=357 raw_class=Two-wheeler raw_conf=0.864 kept_by_bytetrack=True track_id=1
2026-08-28 13:00:01 [DEBUG] uvh_test.main: frame=360 raw_class=Two-wheeler raw_conf=0.877 kept_by_bytetrack=True track_id=1
2026-08-28 13:00:01 [DEBUG] uvh_test.main: frame=364 raw_class=Two-wheeler raw_conf=0.877 kept_by_bytetrack=True track_id=1
2026-08-28 13:00:01 [DEBUG] uvh_test.main: frame=367 raw_class=Two-wheeler raw_conf=0.845 kept_by_bytetrack=True track_id=1
2026-08-28 13:00:01 [DEBUG] uvh_test.main: frame=370 raw_class=Two-wheeler raw_conf=0.848 kept_by_bytetrack=True track_id=1
2026-08-28 13:00:01 [DEBUG] uvh_test.main: frame=374 raw_class=Two-wheeler raw_conf=0.817 kept_by_bytetrack=True track_id=1
2026-08-28 13:00:01 [DEBUG] uvh_test.main: frame=377 raw_class=Two-wheeler raw_conf=0.858 kept_by_bytetrack=True track_id=1
2026-08-28 13:00:01 [DEBUG] uvh_test.main: frame=380 raw_class=Two-wheeler raw_conf=0.884 kept_by_bytetrack=True track_id=1
2026-08-28 13:00:02 [DEBUG] uvh_test.main: frame=384 raw_class=Two-wheeler raw_conf=0.884 kept_by_bytetrack=True track_id=1
2026-08-28 13:00:02 [DEBUG] uvh_test.main: frame=387 raw_class=Two-wheeler raw_conf=0.866 kept_by_bytetrack=True track_id=1
2026-08-28 13:00:02 [DEBUG] uvh_test.main: frame=390 raw_class=Two-wheeler raw_conf=0.862 kept_by_bytetrack=True track_id=1
2026-08-28 13:00:02 [DEBUG] uvh_test.main: frame=394 raw_class=Two-wheeler raw_conf=0.840 kept_by_bytetrack=True track_id=1
2026-08-28 13:00:02 [DEBUG] uvh_test.main: frame=397 raw_class=Two-wheeler raw_conf=0.865 kept_by_bytetrack=True track_id=1
2026-08-28 13:00:02 [DEBUG] uvh_test.main: frame=400 raw_class=Two-wheeler raw_conf=0.848 kept_by_bytetrack=True track_id=1
2026-08-28 13:00:02 [DEBUG] uvh_test.main: frame=404 raw_class=Two-wheeler raw_conf=0.847 kept_by_bytetrack=True track_id=1
2026-08-28 13:00:02 [DEBUG] uvh_test.main: frame=407 raw_class=Two-wheeler raw_conf=0.888 kept_by_bytetrack=True track_id=1
2026-08-28 13:00:02 [DEBUG] uvh_test.main: frame=410 raw_class=Two-wheeler raw_conf=0.888 kept_by_bytetrack=True track_id=1
2026-08-28 13:00:02 [DEBUG] uvh_test.main: frame=414 raw_class=Two-wheeler raw_conf=0.884 kept_by_bytetrack=True track_id=1
2026-08-28 13:00:02 [DEBUG] uvh_test.main: frame=417 raw_class=Two-wheeler raw_conf=0.898 kept_by_bytetrack=True track_id=1
2026-08-28 13:00:02 [DEBUG] uvh_test.main: frame=420 raw_class=Two-wheeler raw_conf=0.875 kept_by_bytetrack=True track_id=1
2026-08-28 13:00:02 [DEBUG] uvh_test.main: frame=424 raw_class=Two-wheeler raw_conf=0.875 kept_by_bytetrack=True track_id=1
2026-08-28 13:00:02 [DEBUG] uvh_test.main: frame=427 raw_class=Two-wheeler raw_conf=0.852 kept_by_bytetrack=True track_id=1
2026-08-28 13:00:02 [DEBUG] uvh_test.main: frame=430 raw_class=Two-wheeler raw_conf=0.850 kept_by_bytetrack=True track_id=1
2026-08-28 13:00:02 [DEBUG] uvh_test.main: frame=434 raw_class=Two-wheeler raw_conf=0.892 kept_by_bytetrack=True track_id=1
2026-08-28 13:00:02 [DEBUG] uvh_test.main: frame=437 raw_class=Two-wheeler raw_conf=0.893 kept_by_bytetrack=True track_id=1
2026-08-28 13:00:02 [DEBUG] uvh_test.main: frame=440 raw_class=Two-wheeler raw_conf=0.886 kept_by_bytetrack=True track_id=1
2026-08-28 13:00:02 [DEBUG] uvh_test.main: frame=444 raw_class=Two-wheeler raw_conf=0.886 kept_by_bytetrack=True track_id=1
2026-08-28 13:00:02 [DEBUG] uvh_test.counter: track_id: 1, frame: 444, previous_bottom_center: (1276.27880859375, 363.37766), current_bottom_center: (1278.877685546875, 362.94815), previous_side: -1.51, current_side: 0.58, side_transition: True, crossing_result: True, direction: A_TO_B
2026-08-28 13:00:02 [DEBUG] uvh_test.main: frame=444 COUNTED track_id=1 class=Two-wheeler direction=A_TO_B
2026-08-28 13:00:02 [DEBUG] uvh_test.main: frame=447 raw_class=Two-wheeler raw_conf=0.883 kept_by_bytetrack=True track_id=1
2026-08-28 13:00:03 [DEBUG] uvh_test.main: frame=450 raw_class=Two-wheeler raw_conf=0.883 kept_by_bytetrack=True track_id=1
2026-08-28 13:00:03 [DEBUG] uvh_test.main: frame=454 raw_class=Two-wheeler raw_conf=0.885 kept_by_bytetrack=True track_id=1
2026-08-28 13:00:03 [DEBUG] uvh_test.main: frame=457 raw_class=Two-wheeler raw_conf=0.893 kept_by_bytetrack=True track_id=1
2026-08-28 13:00:03 [DEBUG] uvh_test.main: frame=460 raw_class=Two-wheeler raw_conf=0.894 kept_by_bytetrack=True track_id=1
2026-08-28 13:00:03 [DEBUG] uvh_test.main: frame=464 raw_class=Two-wheeler raw_conf=0.894 kept_by_bytetrack=True track_id=1
2026-08-28 13:00:03 [DEBUG] uvh_test.main: frame=467 raw_class=Two-wheeler raw_conf=0.908 kept_by_bytetrack=True track_id=1
2026-08-28 13:00:03 [DEBUG] uvh_test.main: frame=470 raw_class=Two-wheeler raw_conf=0.908 kept_by_bytetrack=True track_id=1
2026-08-28 13:00:03 [DEBUG] uvh_test.main: frame=474 raw_class=Two-wheeler raw_conf=0.860 kept_by_bytetrack=True track_id=1
2026-08-28 13:00:03 [DEBUG] uvh_test.main: frame=477 raw_class=Two-wheeler raw_conf=0.861 kept_by_bytetrack=True track_id=1
2026-08-28 13:00:03 [DEBUG] uvh_test.main: frame=480 raw_class=Two-wheeler raw_conf=0.846 kept_by_bytetrack=True track_id=1
2026-08-28 13:00:03 [DEBUG] uvh_test.main: frame=484 raw_class=Two-wheeler raw_conf=0.846 kept_by_bytetrack=True track_id=1
2026-08-28 13:00:03 [DEBUG] uvh_test.main: frame=487 raw_class=Two-wheeler raw_conf=0.847 kept_by_bytetrack=True track_id=1
2026-08-28 13:00:03 [DEBUG] uvh_test.main: frame=490 raw_class=Two-wheeler raw_conf=0.847 kept_by_bytetrack=True track_id=1
2026-08-28 13:00:03 [DEBUG] uvh_test.main: frame=494 raw_class=Two-wheeler raw_conf=0.868 kept_by_bytetrack=True track_id=1
2026-08-28 13:00:03 [DEBUG] uvh_test.main: frame=497 raw_class=Two-wheeler raw_conf=0.858 kept_by_bytetrack=True track_id=1
2026-08-28 13:00:03 [DEBUG] uvh_test.main: frame=500 raw_class=Two-wheeler raw_conf=0.889 kept_by_bytetrack=True track_id=1
2026-08-28 13:00:03 [DEBUG] uvh_test.main: frame=504 raw_class=Two-wheeler raw_conf=0.889 kept_by_bytetrack=True track_id=1
2026-08-28 13:00:03 [DEBUG] uvh_test.main: frame=507 raw_class=Two-wheeler raw_conf=0.903 kept_by_bytetrack=True track_id=1
2026-08-28 13:00:03 [DEBUG] uvh_test.main: frame=510 raw_class=Two-wheeler raw_conf=0.903 kept_by_bytetrack=True track_id=1
2026-08-28 13:00:03 [DEBUG] uvh_test.main: frame=514 raw_class=Two-wheeler raw_conf=0.888 kept_by_bytetrack=True track_id=1
2026-08-28 13:00:03 [DEBUG] uvh_test.main: frame=517 raw_class=Two-wheeler raw_conf=0.891 kept_by_bytetrack=True track_id=1
2026-08-28 13:00:03 [DEBUG] uvh_test.main: frame=517 raw_class=Sedan raw_conf=0.531 kept_by_bytetrack=True track_id=2
2026-08-28 13:00:04 [DEBUG] uvh_test.main: frame=520 raw_class=Two-wheeler raw_conf=0.903 kept_by_bytetrack=True track_id=1
2026-08-28 13:00:04 [DEBUG] uvh_test.main: frame=520 raw_class=Sedan raw_conf=0.509 kept_by_bytetrack=True track_id=2
2026-08-28 13:00:04 [DEBUG] uvh_test.main: frame=524 raw_class=Two-wheeler raw_conf=0.903 kept_by_bytetrack=True track_id=1
2026-08-28 13:00:04 [DEBUG] uvh_test.main: frame=524 raw_class=Sedan raw_conf=0.506 kept_by_bytetrack=True track_id=2
2026-08-28 13:00:04 [DEBUG] uvh_test.main: frame=527 raw_class=Two-wheeler raw_conf=0.843 kept_by_bytetrack=True track_id=1
2026-08-28 13:00:04 [DEBUG] uvh_test.main: frame=527 raw_class=Sedan raw_conf=0.483 kept_by_bytetrack=True track_id=2
2026-08-28 13:00:04 [DEBUG] uvh_test.main: frame=530 raw_class=Two-wheeler raw_conf=0.843 kept_by_bytetrack=True track_id=1
2026-08-28 13:00:04 [DEBUG] uvh_test.main: frame=530 raw_class=Sedan raw_conf=0.482 kept_by_bytetrack=True track_id=2
2026-08-28 13:00:04 [DEBUG] uvh_test.main: frame=534 raw_class=Two-wheeler raw_conf=0.848 kept_by_bytetrack=True track_id=1
2026-08-28 13:00:04 [DEBUG] uvh_test.main: frame=534 raw_class=Sedan raw_conf=0.473 kept_by_bytetrack=True track_id=2
2026-08-28 13:00:04 [DEBUG] uvh_test.main: frame=537 raw_class=Two-wheeler raw_conf=0.863 kept_by_bytetrack=True track_id=1
2026-08-28 13:00:04 [DEBUG] uvh_test.main: frame=537 raw_class=Sedan raw_conf=0.486 kept_by_bytetrack=True track_id=2
2026-08-28 13:00:04 [DEBUG] uvh_test.main: frame=540 raw_class=Two-wheeler raw_conf=0.844 kept_by_bytetrack=True track_id=1
2026-08-28 13:00:04 [DEBUG] uvh_test.main: frame=540 raw_class=Sedan raw_conf=0.499 kept_by_bytetrack=True track_id=2
2026-08-28 13:00:04 [DEBUG] uvh_test.main: frame=544 raw_class=Two-wheeler raw_conf=0.844 kept_by_bytetrack=True track_id=1
2026-08-28 13:00:04 [DEBUG] uvh_test.main: frame=544 raw_class=Sedan raw_conf=0.499 kept_by_bytetrack=True track_id=2
2026-08-28 13:00:04 [DEBUG] uvh_test.main: frame=547 raw_class=Two-wheeler raw_conf=0.820 kept_by_bytetrack=True track_id=1
2026-08-28 13:00:04 [DEBUG] uvh_test.main: frame=547 raw_class=Sedan raw_conf=0.500 kept_by_bytetrack=True track_id=2
2026-08-28 13:00:04 [DEBUG] uvh_test.main: frame=550 raw_class=Two-wheeler raw_conf=0.820 kept_by_bytetrack=True track_id=1
2026-08-28 13:00:04 [DEBUG] uvh_test.main: frame=550 raw_class=Sedan raw_conf=0.498 kept_by_bytetrack=True track_id=2
2026-08-28 13:00:04 [DEBUG] uvh_test.main: frame=554 raw_class=Two-wheeler raw_conf=0.793 kept_by_bytetrack=True track_id=1
2026-08-28 13:00:04 [DEBUG] uvh_test.main: frame=554 raw_class=Sedan raw_conf=0.503 kept_by_bytetrack=True track_id=2
2026-08-28 13:00:04 [DEBUG] uvh_test.main: frame=557 raw_class=Two-wheeler raw_conf=0.808 kept_by_bytetrack=True track_id=1
2026-08-28 13:00:04 [DEBUG] uvh_test.main: frame=557 raw_class=Sedan raw_conf=0.471 kept_by_bytetrack=True track_id=2
2026-08-28 13:00:04 [DEBUG] uvh_test.main: frame=560 raw_class=Two-wheeler raw_conf=0.749 kept_by_bytetrack=True track_id=1
2026-08-28 13:00:04 [DEBUG] uvh_test.main: frame=560 raw_class=Sedan raw_conf=0.454 kept_by_bytetrack=True track_id=2
2026-08-28 13:00:04 [DEBUG] uvh_test.main: frame=564 raw_class=Two-wheeler raw_conf=0.749 kept_by_bytetrack=True track_id=1
2026-08-28 13:00:04 [DEBUG] uvh_test.main: frame=564 raw_class=Sedan raw_conf=0.455 kept_by_bytetrack=True track_id=2
2026-08-28 13:00:04 [DEBUG] uvh_test.main: frame=567 raw_class=Two-wheeler raw_conf=0.759 kept_by_bytetrack=True track_id=1
2026-08-28 13:00:04 [DEBUG] uvh_test.main: frame=567 raw_class=Sedan raw_conf=0.471 kept_by_bytetrack=True track_id=2
2026-08-28 13:00:04 [DEBUG] uvh_test.main: frame=570 raw_class=Two-wheeler raw_conf=0.760 kept_by_bytetrack=True track_id=1
2026-08-28 13:00:04 [DEBUG] uvh_test.main: frame=570 raw_class=Sedan raw_conf=0.469 kept_by_bytetrack=True track_id=2
2026-08-28 13:00:04 [DEBUG] uvh_test.main: frame=574 raw_class=Two-wheeler raw_conf=0.714 kept_by_bytetrack=True track_id=1
2026-08-28 13:00:04 [DEBUG] uvh_test.main: frame=574 raw_class=Sedan raw_conf=0.490 kept_by_bytetrack=True track_id=2
2026-08-28 13:00:04 [DEBUG] uvh_test.main: frame=577 raw_class=Two-wheeler raw_conf=0.759 kept_by_bytetrack=True track_id=1
2026-08-28 13:00:04 [DEBUG] uvh_test.main: frame=577 raw_class=Sedan raw_conf=0.516 kept_by_bytetrack=True track_id=2
2026-08-28 13:00:04 [DEBUG] uvh_test.main: frame=580 raw_class=Two-wheeler raw_conf=0.706 kept_by_bytetrack=True track_id=1
2026-08-28 13:00:04 [DEBUG] uvh_test.main: frame=580 raw_class=Sedan raw_conf=0.567 kept_by_bytetrack=True track_id=2
2026-08-28 13:00:05 [DEBUG] uvh_test.main: frame=584 raw_class=Two-wheeler raw_conf=0.706 kept_by_bytetrack=True track_id=1
2026-08-28 13:00:05 [DEBUG] uvh_test.main: frame=584 raw_class=Sedan raw_conf=0.564 kept_by_bytetrack=True track_id=2
2026-08-28 13:00:05 [DEBUG] uvh_test.main: frame=587 raw_class=Two-wheeler raw_conf=0.589 kept_by_bytetrack=True track_id=1
2026-08-28 13:00:05 [DEBUG] uvh_test.main: frame=587 raw_class=Sedan raw_conf=0.571 kept_by_bytetrack=True track_id=2
2026-08-28 13:00:05 [DEBUG] uvh_test.main: frame=590 raw_class=Two-wheeler raw_conf=0.589 kept_by_bytetrack=True track_id=1
2026-08-28 13:00:05 [DEBUG] uvh_test.main: frame=590 raw_class=Sedan raw_conf=0.572 kept_by_bytetrack=True track_id=2
2026-08-28 13:00:05 [DEBUG] uvh_test.main: frame=594 raw_class=Two-wheeler raw_conf=0.719 kept_by_bytetrack=True track_id=1
2026-08-28 13:00:05 [DEBUG] uvh_test.main: frame=594 raw_class=Sedan raw_conf=0.617 kept_by_bytetrack=True track_id=2
2026-08-28 13:00:05 [DEBUG] uvh_test.main: frame=597 raw_class=Two-wheeler raw_conf=0.648 kept_by_bytetrack=True track_id=1
2026-08-28 13:00:05 [DEBUG] uvh_test.main: frame=597 raw_class=Sedan raw_conf=0.623 kept_by_bytetrack=True track_id=2
2026-08-28 13:00:05 [DEBUG] uvh_test.main: frame=600 raw_class=Two-wheeler raw_conf=0.625 kept_by_bytetrack=True track_id=1
2026-08-28 13:00:05 [DEBUG] uvh_test.main: frame=600 raw_class=Sedan raw_conf=0.623 kept_by_bytetrack=True track_id=2
2026-08-28 13:00:05 [DEBUG] uvh_test.main: frame=604 raw_class=Two-wheeler raw_conf=0.624 kept_by_bytetrack=True track_id=1
2026-08-28 13:00:05 [DEBUG] uvh_test.main: frame=604 raw_class=Sedan raw_conf=0.624 kept_by_bytetrack=True track_id=2
2026-08-28 13:00:05 [DEBUG] uvh_test.main: frame=607 raw_class=Two-wheeler raw_conf=0.558 kept_by_bytetrack=True track_id=1
2026-08-28 13:00:05 [DEBUG] uvh_test.main: frame=607 raw_class=Sedan raw_conf=0.585 kept_by_bytetrack=True track_id=2
2026-08-28 13:00:05 [DEBUG] uvh_test.main: frame=610 raw_class=Two-wheeler raw_conf=0.557 kept_by_bytetrack=True track_id=1
2026-08-28 13:00:05 [DEBUG] uvh_test.main: frame=610 raw_class=Sedan raw_conf=0.574 kept_by_bytetrack=True track_id=2
2026-08-28 13:00:05 [DEBUG] uvh_test.main: frame=614 raw_class=Two-wheeler raw_conf=0.555 kept_by_bytetrack=True track_id=1
2026-08-28 13:00:05 [DEBUG] uvh_test.main: frame=614 raw_class=Sedan raw_conf=0.584 kept_by_bytetrack=True track_id=2
2026-08-28 13:00:05 [DEBUG] uvh_test.main: frame=617 raw_class=Two-wheeler raw_conf=0.504 kept_by_bytetrack=True track_id=1
2026-08-28 13:00:05 [DEBUG] uvh_test.main: frame=617 raw_class=Sedan raw_conf=0.592 kept_by_bytetrack=True track_id=2
2026-08-28 13:00:05 [DEBUG] uvh_test.main: frame=620 raw_class=Sedan raw_conf=0.601 kept_by_bytetrack=True track_id=2
2026-08-28 13:00:05 [DEBUG] uvh_test.main: frame=624 raw_class=Sedan raw_conf=0.601 kept_by_bytetrack=True track_id=2
2026-08-28 13:00:05 [DEBUG] uvh_test.main: frame=627 raw_class=Sedan raw_conf=0.590 kept_by_bytetrack=True track_id=2
2026-08-28 13:00:05 [DEBUG] uvh_test.main: frame=630 raw_class=Sedan raw_conf=0.589 kept_by_bytetrack=True track_id=2
2026-08-28 13:00:05 [DEBUG] uvh_test.main: frame=634 raw_class=Sedan raw_conf=0.499 kept_by_bytetrack=True track_id=2
2026-08-28 13:00:05 [DEBUG] uvh_test.main: frame=637 raw_class=Sedan raw_conf=0.491 kept_by_bytetrack=True track_id=2
2026-08-28 13:00:05 [DEBUG] uvh_test.main: frame=637 raw_class=Truck raw_conf=0.421 kept_by_bytetrack=True track_id=3
2026-08-28 13:00:05 [DEBUG] uvh_test.main: frame=637 raw_class=Truck raw_conf=0.848 kept_by_bytetrack=True track_id=4
2026-08-28 13:00:05 [DEBUG] uvh_test.main: frame=637 raw_class=Truck raw_conf=0.774 kept_by_bytetrack=True track_id=6
2026-08-28 13:00:05 [DEBUG] uvh_test.main: frame=640 raw_class=Sedan raw_conf=0.492 kept_by_bytetrack=True track_id=2
2026-08-28 13:00:05 [DEBUG] uvh_test.main: frame=640 raw_class=Truck raw_conf=0.800 kept_by_bytetrack=True track_id=4
2026-08-28 13:00:05 [DEBUG] uvh_test.main: frame=640 raw_class=Truck raw_conf=0.836 kept_by_bytetrack=True track_id=3
2026-08-28 13:00:05 [DEBUG] uvh_test.main: frame=640 raw_class=Truck raw_conf=0.776 kept_by_bytetrack=True track_id=6
2026-08-28 13:00:05 [DEBUG] uvh_test.main: frame=640 raw_class=Truck raw_conf=0.679 kept_by_bytetrack=True track_id=5
2026-08-28 13:00:05 [DEBUG] uvh_test.main: frame=644 raw_class=Sedan raw_conf=0.487 kept_by_bytetrack=True track_id=2
2026-08-28 13:00:05 [DEBUG] uvh_test.main: frame=644 raw_class=Truck raw_conf=0.800 kept_by_bytetrack=True track_id=3
2026-08-28 13:00:05 [DEBUG] uvh_test.main: frame=644 raw_class=Truck raw_conf=0.837 kept_by_bytetrack=True track_id=4
2026-08-28 13:00:05 [DEBUG] uvh_test.main: frame=644 raw_class=Truck raw_conf=0.775 kept_by_bytetrack=True track_id=6
2026-08-28 13:00:05 [DEBUG] uvh_test.main: frame=644 raw_class=Truck raw_conf=0.678 kept_by_bytetrack=True track_id=5
2026-08-28 13:00:06 [DEBUG] uvh_test.main: frame=647 raw_class=Sedan raw_conf=0.440 kept_by_bytetrack=True track_id=2
2026-08-28 13:00:06 [DEBUG] uvh_test.main: frame=647 raw_class=Truck raw_conf=0.845 kept_by_bytetrack=True track_id=3
2026-08-28 13:00:06 [DEBUG] uvh_test.main: frame=647 raw_class=Truck raw_conf=0.759 kept_by_bytetrack=True track_id=4
2026-08-28 13:00:06 [DEBUG] uvh_test.main: frame=647 raw_class=Truck raw_conf=0.697 kept_by_bytetrack=True track_id=6
2026-08-28 13:00:06 [DEBUG] uvh_test.main: frame=647 raw_class=Truck raw_conf=0.774 kept_by_bytetrack=True track_id=5
2026-08-28 13:00:06 [DEBUG] uvh_test.main: frame=650 raw_class=Sedan raw_conf=0.440 kept_by_bytetrack=True track_id=2
2026-08-28 13:00:06 [DEBUG] uvh_test.main: frame=650 raw_class=Truck raw_conf=0.845 kept_by_bytetrack=True track_id=3
2026-08-28 13:00:06 [DEBUG] uvh_test.main: frame=650 raw_class=Truck raw_conf=0.760 kept_by_bytetrack=True track_id=4
2026-08-28 13:00:06 [DEBUG] uvh_test.main: frame=650 raw_class=Truck raw_conf=0.697 kept_by_bytetrack=True track_id=6
2026-08-28 13:00:06 [DEBUG] uvh_test.main: frame=650 raw_class=Truck raw_conf=0.773 kept_by_bytetrack=True track_id=5
2026-08-28 13:00:06 [DEBUG] uvh_test.main: frame=654 raw_class=Sedan raw_conf=0.436 kept_by_bytetrack=True track_id=2
2026-08-28 13:00:06 [DEBUG] uvh_test.main: frame=654 raw_class=Truck raw_conf=0.754 kept_by_bytetrack=True track_id=3
2026-08-28 13:00:06 [DEBUG] uvh_test.main: frame=654 raw_class=Truck raw_conf=0.850 kept_by_bytetrack=True track_id=4
2026-08-28 13:00:06 [DEBUG] uvh_test.main: frame=654 raw_class=Truck raw_conf=0.781 kept_by_bytetrack=True track_id=6
2026-08-28 13:00:06 [DEBUG] uvh_test.main: frame=654 raw_class=Truck raw_conf=0.766 kept_by_bytetrack=True track_id=5
2026-08-28 13:00:06 [DEBUG] uvh_test.counter: track_id: 3, frame: 654, previous_bottom_center: (1567.0350341796875, 642.6674), current_bottom_center: (1609.302490234375, 599.83344), previous_side: -8.91, current_side: 51.24, side_transition: True, crossing_result: True, direction: A_TO_B
2026-08-28 13:00:06 [DEBUG] uvh_test.counter: track_id: 5, frame: 654, previous_bottom_center: (1613.931884765625, 691.38165), current_bottom_center: (1656.46875, 648.4029), previous_side: -12.79, current_side: 47.65, side_transition: True, crossing_result: True, direction: A_TO_B
2026-08-28 13:00:06 [DEBUG] uvh_test.main: frame=654 COUNTED track_id=3 class=Truck direction=A_TO_B
2026-08-28 13:00:06 [DEBUG] uvh_test.main: frame=657 raw_class=Sedan raw_conf=0.495 kept_by_bytetrack=True track_id=2
2026-08-28 13:00:06 [DEBUG] uvh_test.main: frame=657 raw_class=Truck raw_conf=0.777 kept_by_bytetrack=True track_id=3
2026-08-28 13:00:06 [DEBUG] uvh_test.main: frame=657 raw_class=Truck raw_conf=0.860 kept_by_bytetrack=True track_id=4
2026-08-28 13:00:06 [DEBUG] uvh_test.main: frame=657 raw_class=Truck raw_conf=0.787 kept_by_bytetrack=True track_id=6
2026-08-28 13:00:06 [DEBUG] uvh_test.main: frame=657 raw_class=Truck raw_conf=0.671 kept_by_bytetrack=True track_id=5
2026-08-28 13:00:06 [DEBUG] uvh_test.counter: track_id: 4, frame: 657, previous_bottom_center: (1557.522705078125, 651.7203), current_bottom_center: (1606.1981201171875, 645.93335), previous_side: -22.01, current_side: 15.30, side_transition: True, crossing_result: True, direction: A_TO_B
2026-08-28 13:00:06 [DEBUG] uvh_test.counter: track_id: 6, frame: 657, previous_bottom_center: (1605.4798583984375, 699.6703), current_bottom_center: (1654.167724609375, 693.91797), previous_side: -24.61, current_side: 12.68, side_transition: True, crossing_result: True, direction: A_TO_B
2026-08-28 13:00:06 [DEBUG] uvh_test.main: frame=660 raw_class=Sedan raw_conf=0.502 kept_by_bytetrack=True track_id=2
2026-08-28 13:00:06 [DEBUG] uvh_test.main: frame=660 raw_class=Truck raw_conf=0.851 kept_by_bytetrack=True track_id=3
2026-08-28 13:00:06 [DEBUG] uvh_test.main: frame=660 raw_class=Truck raw_conf=0.902 kept_by_bytetrack=True track_id=4
2026-08-28 13:00:06 [DEBUG] uvh_test.main: frame=660 raw_class=Truck raw_conf=0.846 kept_by_bytetrack=True track_id=6
2026-08-28 13:00:06 [DEBUG] uvh_test.main: frame=660 raw_class=Truck raw_conf=0.806 kept_by_bytetrack=True track_id=5
2026-08-28 13:00:06 [DEBUG] uvh_test.main: frame=664 raw_class=Sedan raw_conf=0.504 kept_by_bytetrack=True track_id=2
2026-08-28 13:00:06 [DEBUG] uvh_test.main: frame=664 raw_class=Truck raw_conf=0.851 kept_by_bytetrack=True track_id=3
2026-08-28 13:00:06 [DEBUG] uvh_test.main: frame=664 raw_class=Truck raw_conf=0.902 kept_by_bytetrack=True track_id=4
2026-08-28 13:00:06 [DEBUG] uvh_test.main: frame=664 raw_class=Truck raw_conf=0.846 kept_by_bytetrack=True track_id=6
2026-08-28 13:00:06 [DEBUG] uvh_test.main: frame=664 raw_class=Truck raw_conf=0.805 kept_by_bytetrack=True track_id=5
2026-08-28 13:00:06 [INFO] uvh_test.main: Processed 200 frames... Count: 5
2026-08-28 13:00:06 [DEBUG] uvh_test.main: frame=667 raw_class=Sedan raw_conf=0.475 kept_by_bytetrack=True track_id=2
2026-08-28 13:00:06 [DEBUG] uvh_test.main: frame=667 raw_class=Truck raw_conf=0.882 kept_by_bytetrack=True track_id=3
2026-08-28 13:00:06 [DEBUG] uvh_test.main: frame=667 raw_class=Truck raw_conf=0.870 kept_by_bytetrack=True track_id=4
2026-08-28 13:00:06 [DEBUG] uvh_test.main: frame=667 raw_class=Truck raw_conf=0.909 kept_by_bytetrack=True track_id=6
2026-08-28 13:00:06 [DEBUG] uvh_test.main: frame=667 raw_class=Truck raw_conf=0.394 kept_by_bytetrack=True track_id=5
2026-08-28 13:00:06 [DEBUG] uvh_test.main: frame=670 raw_class=Sedan raw_conf=0.473 kept_by_bytetrack=True track_id=2
2026-08-28 13:00:06 [DEBUG] uvh_test.main: frame=670 raw_class=Truck raw_conf=0.882 kept_by_bytetrack=True track_id=3
2026-08-28 13:00:06 [DEBUG] uvh_test.main: frame=670 raw_class=Truck raw_conf=0.870 kept_by_bytetrack=True track_id=4
2026-08-28 13:00:06 [DEBUG] uvh_test.main: frame=670 raw_class=Truck raw_conf=0.909 kept_by_bytetrack=True track_id=6
2026-08-28 13:00:06 [DEBUG] uvh_test.main: frame=670 raw_class=Truck raw_conf=0.388 kept_by_bytetrack=True track_id=5
2026-08-28 13:00:06 [DEBUG] uvh_test.main: frame=674 raw_class=Sedan raw_conf=0.507 kept_by_bytetrack=True track_id=2
2026-08-28 13:00:06 [DEBUG] uvh_test.main: frame=674 raw_class=Truck raw_conf=0.903 kept_by_bytetrack=True track_id=3
2026-08-28 13:00:06 [DEBUG] uvh_test.main: frame=674 raw_class=Truck raw_conf=0.906 kept_by_bytetrack=True track_id=4
2026-08-28 13:00:06 [DEBUG] uvh_test.main: frame=674 raw_class=Truck raw_conf=0.898 kept_by_bytetrack=True track_id=6
2026-08-28 13:00:06 [DEBUG] uvh_test.main: frame=674 raw_class=Truck raw_conf=0.875 kept_by_bytetrack=True track_id=5
2026-08-28 13:00:06 [DEBUG] uvh_test.main: frame=677 raw_class=Sedan raw_conf=0.480 kept_by_bytetrack=True track_id=2
2026-08-28 13:00:06 [DEBUG] uvh_test.main: frame=677 raw_class=Truck raw_conf=0.904 kept_by_bytetrack=True track_id=3
2026-08-28 13:00:06 [DEBUG] uvh_test.main: frame=677 raw_class=Truck raw_conf=0.906 kept_by_bytetrack=True track_id=4
2026-08-28 13:00:06 [DEBUG] uvh_test.main: frame=677 raw_class=Truck raw_conf=0.877 kept_by_bytetrack=True track_id=6
2026-08-28 13:00:06 [DEBUG] uvh_test.main: frame=677 raw_class=Truck raw_conf=0.847 kept_by_bytetrack=True track_id=5
2026-08-28 13:00:06 [DEBUG] uvh_test.main: frame=680 raw_class=Sedan raw_conf=0.471 kept_by_bytetrack=True track_id=2
2026-08-28 13:00:06 [DEBUG] uvh_test.main: frame=680 raw_class=Truck raw_conf=0.913 kept_by_bytetrack=True track_id=3
2026-08-28 13:00:06 [DEBUG] uvh_test.main: frame=680 raw_class=Truck raw_conf=0.857 kept_by_bytetrack=True track_id=4
2026-08-28 13:00:06 [DEBUG] uvh_test.main: frame=680 raw_class=Truck raw_conf=0.850 kept_by_bytetrack=True track_id=6
2026-08-28 13:00:06 [DEBUG] uvh_test.main: frame=680 raw_class=Truck raw_conf=0.874 kept_by_bytetrack=True track_id=5
2026-08-28 13:00:06 [DEBUG] uvh_test.main: frame=684 raw_class=Sedan raw_conf=0.469 kept_by_bytetrack=True track_id=2
2026-08-28 13:00:06 [DEBUG] uvh_test.main: frame=684 raw_class=Truck raw_conf=0.912 kept_by_bytetrack=True track_id=3
2026-08-28 13:00:06 [DEBUG] uvh_test.main: frame=684 raw_class=Truck raw_conf=0.858 kept_by_bytetrack=True track_id=4
2026-08-28 13:00:06 [DEBUG] uvh_test.main: frame=684 raw_class=Truck raw_conf=0.850 kept_by_bytetrack=True track_id=6
2026-08-28 13:00:06 [DEBUG] uvh_test.main: frame=684 raw_class=Truck raw_conf=0.874 kept_by_bytetrack=True track_id=5
2026-08-28 13:00:06 [DEBUG] uvh_test.main: frame=687 raw_class=Sedan raw_conf=0.515 kept_by_bytetrack=True track_id=2
2026-08-28 13:00:06 [DEBUG] uvh_test.main: frame=687 raw_class=Truck raw_conf=0.882 kept_by_bytetrack=True track_id=3
2026-08-28 13:00:06 [DEBUG] uvh_test.main: frame=687 raw_class=Truck raw_conf=0.859 kept_by_bytetrack=True track_id=4
2026-08-28 13:00:06 [DEBUG] uvh_test.main: frame=687 raw_class=Truck raw_conf=0.732 kept_by_bytetrack=True track_id=6
2026-08-28 13:00:06 [DEBUG] uvh_test.main: frame=687 raw_class=Truck raw_conf=0.828 kept_by_bytetrack=True track_id=5
2026-08-28 13:00:06 [DEBUG] uvh_test.main: frame=690 raw_class=Sedan raw_conf=0.514 kept_by_bytetrack=True track_id=2
2026-08-28 13:00:06 [DEBUG] uvh_test.main: frame=690 raw_class=Truck raw_conf=0.882 kept_by_bytetrack=True track_id=3
2026-08-28 13:00:06 [DEBUG] uvh_test.main: frame=690 raw_class=Truck raw_conf=0.731 kept_by_bytetrack=True track_id=6
2026-08-28 13:00:06 [DEBUG] uvh_test.main: frame=690 raw_class=Truck raw_conf=0.860 kept_by_bytetrack=True track_id=5
2026-08-28 13:00:06 [DEBUG] uvh_test.main: frame=690 raw_class=Truck raw_conf=0.615 kept_by_bytetrack=True track_id=7
2026-08-28 13:00:06 [DEBUG] uvh_test.main: frame=694 raw_class=Sedan raw_conf=0.502 kept_by_bytetrack=True track_id=2
2026-08-28 13:00:06 [DEBUG] uvh_test.main: frame=694 raw_class=Truck raw_conf=0.860 kept_by_bytetrack=True track_id=3
2026-08-28 13:00:06 [DEBUG] uvh_test.main: frame=694 raw_class=Truck raw_conf=0.463 kept_by_bytetrack=True track_id=6
2026-08-28 13:00:06 [DEBUG] uvh_test.main: frame=694 raw_class=Truck raw_conf=0.835 kept_by_bytetrack=True track_id=5
2026-08-28 13:00:06 [DEBUG] uvh_test.main: frame=694 raw_class=Truck raw_conf=0.795 kept_by_bytetrack=True track_id=7
2026-08-28 13:00:06 [DEBUG] uvh_test.main: frame=694 raw_class=Truck raw_conf=0.809 kept_by_bytetrack=True track_id=4
2026-08-28 13:00:06 [DEBUG] uvh_test.main: frame=697 raw_class=Sedan raw_conf=0.495 kept_by_bytetrack=True track_id=2
2026-08-28 13:00:06 [DEBUG] uvh_test.main: frame=697 raw_class=Truck raw_conf=0.830 kept_by_bytetrack=True track_id=6
2026-08-28 13:00:06 [DEBUG] uvh_test.main: frame=697 raw_class=Truck raw_conf=0.855 kept_by_bytetrack=True track_id=7
2026-08-28 13:00:06 [DEBUG] uvh_test.main: frame=697 raw_class=Truck raw_conf=0.863 kept_by_bytetrack=True track_id=4
2026-08-28 13:00:06 [DEBUG] uvh_test.main: frame=700 raw_class=Sedan raw_conf=0.489 kept_by_bytetrack=True track_id=2
2026-08-28 13:00:06 [DEBUG] uvh_test.main: frame=700 raw_class=Truck raw_conf=0.798 kept_by_bytetrack=True track_id=6
2026-08-28 13:00:06 [DEBUG] uvh_test.main: frame=700 raw_class=Truck raw_conf=0.837 kept_by_bytetrack=True track_id=7
2026-08-28 13:00:06 [DEBUG] uvh_test.main: frame=704 raw_class=Sedan raw_conf=0.488 kept_by_bytetrack=True track_id=2
2026-08-28 13:00:06 [DEBUG] uvh_test.main: frame=704 raw_class=Truck raw_conf=0.798 kept_by_bytetrack=True track_id=6
2026-08-28 13:00:06 [DEBUG] uvh_test.main: frame=704 raw_class=Truck raw_conf=0.836 kept_by_bytetrack=True track_id=7
2026-08-28 13:00:06 [DEBUG] uvh_test.main: frame=707 raw_class=Sedan raw_conf=0.469 kept_by_bytetrack=True track_id=2
2026-08-28 13:00:06 [DEBUG] uvh_test.main: frame=707 raw_class=Truck raw_conf=0.818 kept_by_bytetrack=True track_id=7
2026-08-28 13:00:06 [DEBUG] uvh_test.main: frame=710 raw_class=Sedan raw_conf=0.463 kept_by_bytetrack=True track_id=2
2026-08-28 13:00:06 [DEBUG] uvh_test.main: frame=710 raw_class=Truck raw_conf=0.818 kept_by_bytetrack=True track_id=7
2026-08-28 13:00:07 [DEBUG] uvh_test.main: frame=714 raw_class=Truck raw_conf=0.811 kept_by_bytetrack=True track_id=7
2026-08-28 13:00:07 [DEBUG] uvh_test.main: frame=717 raw_class=Truck raw_conf=0.798 kept_by_bytetrack=True track_id=7
2026-08-28 13:00:07 [DEBUG] uvh_test.main: frame=720 raw_class=Truck raw_conf=0.775 kept_by_bytetrack=True track_id=7
2026-08-28 13:00:07 [DEBUG] uvh_test.main: frame=724 raw_class=Truck raw_conf=0.775 kept_by_bytetrack=True track_id=7
2026-08-28 13:00:07 [DEBUG] uvh_test.main: frame=727 raw_class=Truck raw_conf=0.808 kept_by_bytetrack=True track_id=7
2026-08-28 13:00:07 [DEBUG] uvh_test.main: frame=730 raw_class=Truck raw_conf=0.809 kept_by_bytetrack=True track_id=7
2026-08-28 13:00:07 [DEBUG] uvh_test.main: frame=734 raw_class=Truck raw_conf=0.806 kept_by_bytetrack=True track_id=7
2026-08-28 13:00:07 [DEBUG] uvh_test.main: frame=737 raw_class=Truck raw_conf=0.768 kept_by_bytetrack=True track_id=7
2026-08-28 13:00:07 [DEBUG] uvh_test.main: frame=740 raw_class=Truck raw_conf=0.723 kept_by_bytetrack=True track_id=7
2026-08-28 13:00:07 [DEBUG] uvh_test.main: frame=744 raw_class=Truck raw_conf=0.722 kept_by_bytetrack=True track_id=7
2026-08-28 13:00:07 [DEBUG] uvh_test.main: frame=747 raw_class=Truck raw_conf=0.705 kept_by_bytetrack=True track_id=7
2026-08-28 13:00:07 [DEBUG] uvh_test.main: frame=750 raw_class=Truck raw_conf=0.702 kept_by_bytetrack=True track_id=7
2026-08-28 13:00:07 [DEBUG] uvh_test.main: frame=754 raw_class=Truck raw_conf=0.701 kept_by_bytetrack=True track_id=7
2026-08-28 13:00:07 [DEBUG] uvh_test.main: frame=757 raw_class=Truck raw_conf=0.703 kept_by_bytetrack=True track_id=7
2026-08-28 13:00:07 [DEBUG] uvh_test.main: frame=760 raw_class=Truck raw_conf=0.693 kept_by_bytetrack=True track_id=7
2026-08-28 13:00:07 [DEBUG] uvh_test.main: frame=764 raw_class=Truck raw_conf=0.690 kept_by_bytetrack=True track_id=7
2026-08-28 13:00:07 [DEBUG] uvh_test.main: frame=767 raw_class=Truck raw_conf=0.708 kept_by_bytetrack=True track_id=7
2026-08-28 13:00:07 [DEBUG] uvh_test.main: frame=770 raw_class=Truck raw_conf=0.708 kept_by_bytetrack=True track_id=7
2026-08-28 13:00:07 [DEBUG] uvh_test.main: frame=774 raw_class=Truck raw_conf=0.681 kept_by_bytetrack=True track_id=7
2026-08-28 13:00:07 [DEBUG] uvh_test.main: frame=777 raw_class=Truck raw_conf=0.706 kept_by_bytetrack=True track_id=7
2026-08-28 13:00:08 [DEBUG] uvh_test.main: frame=780 raw_class=Truck raw_conf=0.693 kept_by_bytetrack=True track_id=7
2026-08-28 13:00:08 [DEBUG] uvh_test.main: frame=784 raw_class=Truck raw_conf=0.693 kept_by_bytetrack=True track_id=7
2026-08-28 13:00:08 [DEBUG] uvh_test.main: frame=787 raw_class=Truck raw_conf=0.626 kept_by_bytetrack=True track_id=7
2026-08-28 13:00:08 [DEBUG] uvh_test.main: frame=790 raw_class=Truck raw_conf=0.624 kept_by_bytetrack=True track_id=7
2026-08-28 13:00:08 [DEBUG] uvh_test.main: frame=794 raw_class=Truck raw_conf=0.532 kept_by_bytetrack=True track_id=7
2026-08-28 13:00:08 [DEBUG] uvh_test.main: frame=797 raw_class=Truck raw_conf=0.501 kept_by_bytetrack=True track_id=7
2026-08-28 13:00:08 [DEBUG] uvh_test.main: frame=800 raw_class=Truck raw_conf=0.554 kept_by_bytetrack=True track_id=7
2026-08-28 13:00:08 [DEBUG] uvh_test.main: frame=804 raw_class=Truck raw_conf=0.547 kept_by_bytetrack=True track_id=7
2026-08-28 13:00:08 [DEBUG] uvh_test.main: frame=807 raw_class=Truck raw_conf=0.429 kept_by_bytetrack=True track_id=7
2026-08-28 13:00:08 [DEBUG] uvh_test.main: frame=810 raw_class=Truck raw_conf=0.435 kept_by_bytetrack=True track_id=7
2026-08-28 13:00:08 [DEBUG] uvh_test.main: frame=814 raw_class=Truck raw_conf=0.352 kept_by_bytetrack=True track_id=7
2026-08-28 13:00:08 [DEBUG] uvh_test.main: frame=817 raw_class=Sedan raw_conf=0.414 kept_by_bytetrack=True track_id=2
2026-08-28 13:00:08 [DEBUG] uvh_test.main: frame=820 raw_class=Sedan raw_conf=0.427 kept_by_bytetrack=True track_id=2
2026-08-28 13:00:08 [DEBUG] uvh_test.main: frame=824 raw_class=Sedan raw_conf=0.436 kept_by_bytetrack=True track_id=2
2026-08-28 13:00:08 [DEBUG] uvh_test.main: frame=827 raw_class=Sedan raw_conf=0.359 kept_by_bytetrack=True track_id=2
2026-08-28 13:00:08 [DEBUG] uvh_test.main: frame=834 raw_class=Sedan raw_conf=0.421 kept_by_bytetrack=True track_id=2
2026-08-28 13:00:08 [DEBUG] uvh_test.main: frame=837 raw_class=Sedan raw_conf=0.420 kept_by_bytetrack=True track_id=2
2026-08-28 13:00:08 [DEBUG] uvh_test.main: frame=840 raw_class=Sedan raw_conf=0.427 kept_by_bytetrack=True track_id=2
2026-08-28 13:00:08 [DEBUG] uvh_test.main: frame=844 raw_class=Sedan raw_conf=0.426 kept_by_bytetrack=True track_id=2
2026-08-28 13:00:09 [DEBUG] uvh_test.main: frame=847 raw_class=Sedan raw_conf=0.436 kept_by_bytetrack=True track_id=2
2026-08-28 13:00:09 [DEBUG] uvh_test.main: frame=850 raw_class=Sedan raw_conf=0.436 kept_by_bytetrack=True track_id=2
2026-08-28 13:00:09 [DEBUG] uvh_test.main: frame=854 raw_class=Sedan raw_conf=0.436 kept_by_bytetrack=True track_id=2
2026-08-28 13:00:09 [DEBUG] uvh_test.main: frame=857 raw_class=Sedan raw_conf=0.443 kept_by_bytetrack=True track_id=2
2026-08-28 13:00:09 [DEBUG] uvh_test.main: frame=860 raw_class=Sedan raw_conf=0.442 kept_by_bytetrack=True track_id=2
2026-08-28 13:00:09 [DEBUG] uvh_test.main: frame=864 raw_class=Sedan raw_conf=0.444 kept_by_bytetrack=True track_id=2
2026-08-28 13:00:09 [DEBUG] uvh_test.main: frame=867 raw_class=Sedan raw_conf=0.445 kept_by_bytetrack=True track_id=2
2026-08-28 13:00:09 [DEBUG] uvh_test.main: frame=870 raw_class=Sedan raw_conf=0.445 kept_by_bytetrack=True track_id=2
2026-08-28 13:00:09 [DEBUG] uvh_test.main: frame=874 raw_class=Sedan raw_conf=0.426 kept_by_bytetrack=True track_id=2
2026-08-28 13:00:09 [DEBUG] uvh_test.main: frame=877 raw_class=Sedan raw_conf=0.434 kept_by_bytetrack=True track_id=2
2026-08-28 13:00:09 [DEBUG] uvh_test.main: frame=880 raw_class=Sedan raw_conf=0.448 kept_by_bytetrack=True track_id=2
2026-08-28 13:00:09 [DEBUG] uvh_test.main: frame=884 raw_class=Sedan raw_conf=0.464 kept_by_bytetrack=True track_id=2
2026-08-28 13:00:09 [DEBUG] uvh_test.main: frame=887 raw_class=Sedan raw_conf=0.449 kept_by_bytetrack=True track_id=2
2026-08-28 13:00:09 [DEBUG] uvh_test.main: frame=890 raw_class=Sedan raw_conf=0.450 kept_by_bytetrack=True track_id=2
2026-08-28 13:00:09 [DEBUG] uvh_test.main: frame=894 raw_class=Sedan raw_conf=0.455 kept_by_bytetrack=True track_id=2
2026-08-28 13:00:09 [DEBUG] uvh_test.main: frame=897 raw_class=Sedan raw_conf=0.459 kept_by_bytetrack=True track_id=2
2026-08-28 13:00:09 [DEBUG] uvh_test.main: frame=900 raw_class=Sedan raw_conf=0.447 kept_by_bytetrack=True track_id=2
2026-08-28 13:00:09 [DEBUG] uvh_test.main: frame=904 raw_class=Sedan raw_conf=0.448 kept_by_bytetrack=True track_id=2
2026-08-28 13:00:09 [DEBUG] uvh_test.main: frame=907 raw_class=Sedan raw_conf=0.437 kept_by_bytetrack=True track_id=2
2026-08-28 13:00:09 [DEBUG] uvh_test.main: frame=910 raw_class=Sedan raw_conf=0.437 kept_by_bytetrack=True track_id=2
2026-08-28 13:00:10 [DEBUG] uvh_test.main: frame=917 raw_class=Sedan raw_conf=0.361 kept_by_bytetrack=True track_id=None
2026-08-28 13:00:10 [DEBUG] uvh_test.main: frame=920 raw_class=Sedan raw_conf=0.362 kept_by_bytetrack=True track_id=None
2026-08-28 13:00:10 [DEBUG] uvh_test.main: frame=924 raw_class=Sedan raw_conf=0.362 kept_by_bytetrack=True track_id=None
2026-08-28 13:00:10 [DEBUG] uvh_test.main: frame=927 raw_class=Sedan raw_conf=0.372 kept_by_bytetrack=True track_id=None
2026-08-28 13:00:10 [DEBUG] uvh_test.main: frame=930 raw_class=Sedan raw_conf=0.372 kept_by_bytetrack=True track_id=None
2026-08-28 13:00:10 [DEBUG] uvh_test.main: frame=934 raw_class=Sedan raw_conf=0.373 kept_by_bytetrack=True track_id=None
2026-08-28 13:00:10 [DEBUG] uvh_test.main: frame=937 raw_class=Sedan raw_conf=0.397 kept_by_bytetrack=True track_id=None
2026-08-28 13:00:10 [DEBUG] uvh_test.main: frame=940 raw_class=Sedan raw_conf=0.405 kept_by_bytetrack=True track_id=2
2026-08-28 13:00:10 [DEBUG] uvh_test.main: frame=944 raw_class=Sedan raw_conf=0.406 kept_by_bytetrack=True track_id=2
2026-08-28 13:00:10 [DEBUG] uvh_test.main: frame=947 raw_class=Sedan raw_conf=0.409 kept_by_bytetrack=True track_id=2
2026-08-28 13:00:10 [DEBUG] uvh_test.main: frame=950 raw_class=Sedan raw_conf=0.409 kept_by_bytetrack=True track_id=2
2026-08-28 13:00:10 [DEBUG] uvh_test.main: frame=954 raw_class=Sedan raw_conf=0.410 kept_by_bytetrack=True track_id=2
2026-08-28 13:00:10 [DEBUG] uvh_test.main: frame=957 raw_class=Sedan raw_conf=0.404 kept_by_bytetrack=True track_id=2
2026-08-28 13:00:10 [DEBUG] uvh_test.main: frame=960 raw_class=Sedan raw_conf=0.408 kept_by_bytetrack=True track_id=2
2026-08-28 13:00:10 [DEBUG] uvh_test.main: frame=964 raw_class=Sedan raw_conf=0.409 kept_by_bytetrack=True track_id=2
2026-08-28 13:00:10 [DEBUG] uvh_test.main: frame=967 raw_class=Sedan raw_conf=0.400 kept_by_bytetrack=True track_id=2
2026-08-28 13:00:10 [DEBUG] uvh_test.main: frame=970 raw_class=Sedan raw_conf=0.400 kept_by_bytetrack=True track_id=2
2026-08-28 13:00:10 [DEBUG] uvh_test.main: frame=974 raw_class=Sedan raw_conf=0.385 kept_by_bytetrack=True track_id=2
2026-08-28 13:00:10 [DEBUG] uvh_test.main: frame=977 raw_class=Sedan raw_conf=0.372 kept_by_bytetrack=True track_id=2
2026-08-28 13:00:10 [DEBUG] uvh_test.main: frame=980 raw_class=Sedan raw_conf=0.389 kept_by_bytetrack=True track_id=2
2026-08-28 13:00:11 [DEBUG] uvh_test.main: frame=984 raw_class=Sedan raw_conf=0.389 kept_by_bytetrack=True track_id=2
2026-08-28 13:00:11 [DEBUG] uvh_test.main: frame=987 raw_class=Sedan raw_conf=0.408 kept_by_bytetrack=True track_id=2
2026-08-28 13:00:11 [DEBUG] uvh_test.main: frame=990 raw_class=Sedan raw_conf=0.408 kept_by_bytetrack=True track_id=2
2026-08-28 13:00:11 [DEBUG] uvh_test.main: frame=994 raw_class=Sedan raw_conf=0.454 kept_by_bytetrack=True track_id=2
2026-08-28 13:00:11 [DEBUG] uvh_test.main: frame=997 raw_class=Sedan raw_conf=0.450 kept_by_bytetrack=True track_id=2
2026-08-28 13:00:11 [INFO] uvh_test.main: Processed 300 frames... Count: 5
2026-08-28 13:00:11 [DEBUG] uvh_test.main: frame=1000 raw_class=Sedan raw_conf=0.457 kept_by_bytetrack=True track_id=2
2026-08-28 13:00:11 [DEBUG] uvh_test.main: frame=1004 raw_class=Sedan raw_conf=0.456 kept_by_bytetrack=True track_id=2
2026-08-28 13:00:11 [DEBUG] uvh_test.main: frame=1007 raw_class=Sedan raw_conf=0.414 kept_by_bytetrack=True track_id=2
2026-08-28 13:00:11 [DEBUG] uvh_test.main: frame=1010 raw_class=Sedan raw_conf=0.412 kept_by_bytetrack=True track_id=2
2026-08-28 13:00:12 [DEBUG] uvh_test.main: frame=1114 raw_class=Sedan raw_conf=0.352 kept_by_bytetrack=True track_id=None
2026-08-28 13:00:13 [DEBUG] uvh_test.main: frame=1130 raw_class=Sedan raw_conf=0.351 kept_by_bytetrack=True track_id=None
2026-08-28 13:00:13 [DEBUG] uvh_test.main: frame=1137 raw_class=SUV raw_conf=0.587 kept_by_bytetrack=True track_id=8
2026-08-28 13:00:13 [DEBUG] uvh_test.main: frame=1137 raw_class=SUV raw_conf=0.452 kept_by_bytetrack=False track_id=None
2026-08-28 13:00:13 [DEBUG] uvh_test.main: frame=1140 raw_class=SUV raw_conf=0.601 kept_by_bytetrack=True track_id=9
2026-08-28 13:00:13 [DEBUG] uvh_test.main: frame=1140 raw_class=SUV raw_conf=0.501 kept_by_bytetrack=True track_id=10
2026-08-28 13:00:13 [DEBUG] uvh_test.main: frame=1140 raw_class=SUV raw_conf=0.482 kept_by_bytetrack=False track_id=None
2026-08-28 13:00:13 [DEBUG] uvh_test.main: frame=1140 raw_class=SUV raw_conf=0.467 kept_by_bytetrack=False track_id=None
2026-08-28 13:00:13 [DEBUG] uvh_test.main: frame=1144 raw_class=SUV raw_conf=0.602 kept_by_bytetrack=True track_id=9
2026-08-28 13:00:13 [DEBUG] uvh_test.main: frame=1144 raw_class=SUV raw_conf=0.501 kept_by_bytetrack=True track_id=10
2026-08-28 13:00:13 [DEBUG] uvh_test.main: frame=1147 raw_class=SUV raw_conf=0.445 kept_by_bytetrack=True track_id=None
2026-08-28 13:00:13 [DEBUG] uvh_test.main: frame=1150 raw_class=SUV raw_conf=0.446 kept_by_bytetrack=True track_id=None
2026-08-28 13:00:13 [DEBUG] uvh_test.main: frame=1157 raw_class=Sedan raw_conf=0.367 kept_by_bytetrack=True track_id=None
2026-08-28 13:00:13 [DEBUG] uvh_test.main: frame=1160 raw_class=SUV raw_conf=0.509 kept_by_bytetrack=True track_id=11
2026-08-28 13:00:13 [DEBUG] uvh_test.main: frame=1160 raw_class=SUV raw_conf=0.415 kept_by_bytetrack=False track_id=None
2026-08-28 13:00:13 [DEBUG] uvh_test.main: frame=1164 raw_class=SUV raw_conf=0.509 kept_by_bytetrack=True track_id=11
2026-08-28 13:00:13 [DEBUG] uvh_test.main: frame=1167 raw_class=SUV raw_conf=0.649 kept_by_bytetrack=True track_id=12
2026-08-28 13:00:13 [DEBUG] uvh_test.main: frame=1167 raw_class=SUV raw_conf=0.613 kept_by_bytetrack=True track_id=13
2026-08-28 13:00:13 [DEBUG] uvh_test.main: frame=1167 raw_class=SUV raw_conf=0.573 kept_by_bytetrack=True track_id=14
2026-08-28 13:00:13 [DEBUG] uvh_test.main: frame=1167 raw_class=SUV raw_conf=0.553 kept_by_bytetrack=True track_id=15
2026-08-28 13:00:13 [DEBUG] uvh_test.main: frame=1167 raw_class=Sedan raw_conf=0.371 kept_by_bytetrack=False track_id=None
2026-08-28 13:00:13 [DEBUG] uvh_test.main: frame=1170 raw_class=SUV raw_conf=0.649 kept_by_bytetrack=True track_id=12
2026-08-28 13:00:13 [DEBUG] uvh_test.main: frame=1170 raw_class=SUV raw_conf=0.611 kept_by_bytetrack=True track_id=13
2026-08-28 13:00:13 [DEBUG] uvh_test.main: frame=1170 raw_class=SUV raw_conf=0.572 kept_by_bytetrack=True track_id=14
2026-08-28 13:00:13 [DEBUG] uvh_test.main: frame=1170 raw_class=SUV raw_conf=0.549 kept_by_bytetrack=True track_id=15
2026-08-28 13:00:13 [DEBUG] uvh_test.main: frame=1174 raw_class=SUV raw_conf=0.462 kept_by_bytetrack=True track_id=12
2026-08-28 13:00:13 [DEBUG] uvh_test.main: frame=1174 raw_class=SUV raw_conf=0.754 kept_by_bytetrack=True track_id=13
2026-08-28 13:00:13 [DEBUG] uvh_test.main: frame=1174 raw_class=SUV raw_conf=0.672 kept_by_bytetrack=True track_id=14
2026-08-28 13:00:13 [DEBUG] uvh_test.main: frame=1174 raw_class=SUV raw_conf=0.515 kept_by_bytetrack=True track_id=15
