2026-08-29 22:15:39 [INFO] uvh_test.main: Processing video: /home/users/oauser/mvsa/realrun/test.mp4
2026-08-29 22:15:39 [INFO] uvh_test.detector: Loading YOLO model from /storage/users/oauser/mvsa/models/UVH-26/weights/YOLOv11-S/UVH-26-MV-YOLOv11-S.pt
2026-08-29 22:15:39 [INFO] uvh_test.detector: Loaded 14 classes.
2026-08-29 22:15:39 [INFO] uvh_test.counter: VehicleCounter initialized: line=[1911.0, 949.0] -> [1142.0, 237.0], direction=BOTH
2026-08-29 22:15:49 [INFO] uvh_test.counter: CROSSING_CANDIDATE: frame=447 tid=1 dir=A_TO_B
2026-08-29 22:15:49 [INFO] uvh_test.counter: CROSSING_CONFIRMED: frame=448 tid=1 dir=A_TO_B
2026-08-29 22:15:49 [INFO] uvh_test.counter: COUNTED: frame=448 tid=1 class=Two-wheeler
2026-08-29 22:15:49 [INFO] uvh_test.counter: COUNT: frame=448 tid=1 class=Two-wheeler direction=A_TO_B track_age=109 point=(1328.1, 354.7)
2026-08-29 22:15:49 [DEBUG] uvh_test.main: frame=448 COUNTED track_id=1 class=Two-wheeler
2026-08-29 22:15:53 [INFO] uvh_test.counter: CROSSING_CANDIDATE: frame=651 tid=4 dir=A_TO_B
2026-08-29 22:15:53 [INFO] uvh_test.counter: CROSSING_CANDIDATE: frame=651 tid=5 dir=A_TO_B
2026-08-29 22:15:53 [INFO] uvh_test.counter: CROSSING_CONFIRMED: frame=652 tid=4 dir=A_TO_B
2026-08-29 22:15:53 [INFO] uvh_test.counter: COUNTED: frame=652 tid=4 class=Truck
2026-08-29 22:15:53 [INFO] uvh_test.counter: COUNT: frame=652 tid=4 class=Truck direction=A_TO_B track_age=21 point=(1599.4, 608.3)
2026-08-29 22:15:53 [INFO] uvh_test.counter: CROSSING_CONFIRMED: frame=652 tid=5 dir=A_TO_B
2026-08-29 22:15:53 [INFO] uvh_test.counter: REJECTED: frame=652 tid=5 as fragment of recent crossing (dist=68.3, bbox_max=458.9).
2026-08-29 22:15:53 [DEBUG] uvh_test.main: frame=652 COUNTED track_id=4 class=Truck
2026-08-29 22:15:53 [INFO] uvh_test.counter: CROSSING_CANDIDATE: frame=655 tid=3 dir=A_TO_B
2026-08-29 22:15:53 [INFO] uvh_test.counter: CROSSING_CANDIDATE: frame=655 tid=6 dir=A_TO_B
2026-08-29 22:15:53 [INFO] uvh_test.counter: CROSSING_CONFIRMED: frame=656 tid=3 dir=A_TO_B
2026-08-29 22:15:53 [INFO] uvh_test.counter: REJECTED: frame=656 tid=3 as fragment of recent crossing (dist=38.6, bbox_max=458.9).
2026-08-29 22:15:53 [INFO] uvh_test.counter: CROSSING_CONFIRMED: frame=656 tid=6 dir=A_TO_B
2026-08-29 22:15:53 [INFO] uvh_test.counter: REJECTED: frame=656 tid=6 as fragment of recent crossing (dist=100.7, bbox_max=458.9).
2026-08-29 22:16:03 [INFO] uvh_test.counter: CROSSING_CANDIDATE: frame=1179 tid=16 dir=A_TO_B
2026-08-29 22:16:03 [INFO] uvh_test.counter: CROSSING_CANDIDATE: frame=1180 tid=13 dir=A_TO_B
2026-08-29 22:16:03 [INFO] uvh_test.counter: CROSSING_CONFIRMED: frame=1180 tid=16 dir=A_TO_B
2026-08-29 22:16:03 [INFO] uvh_test.counter: COUNTED: frame=1180 tid=16 class=SUV
2026-08-29 22:16:03 [INFO] uvh_test.counter: COUNT: frame=1180 tid=16 class=SUV direction=A_TO_B track_age=5 point=(1508.8, 551.7)
2026-08-29 22:16:03 [DEBUG] uvh_test.main: frame=1180 COUNTED track_id=16 class=SUV
2026-08-29 22:16:03 [INFO] uvh_test.counter: CROSSING_CONFIRMED: frame=1181 tid=13 dir=A_TO_B
2026-08-29 22:16:03 [INFO] uvh_test.counter: REJECTED: frame=1181 tid=13 as fragment of recent crossing (dist=101.9, bbox_max=277.0).
2026-08-29 22:16:17 [INFO] uvh_test.counter: CROSSING_CANDIDATE: frame=2011 tid=22 dir=A_TO_B
2026-08-29 22:16:17 [INFO] uvh_test.counter: CROSSING_CONFIRMED: frame=2012 tid=22 dir=A_TO_B
2026-08-29 22:16:17 [INFO] uvh_test.counter: COUNTED: frame=2012 tid=22 class=SUV
2026-08-29 22:16:17 [INFO] uvh_test.counter: COUNT: frame=2012 tid=22 class=SUV direction=A_TO_B track_age=49 point=(1302.5, 369.6)
2026-08-29 22:16:17 [DEBUG] uvh_test.main: frame=2012 COUNTED track_id=22 class=SUV
2026-08-29 22:16:22 [INFO] uvh_test.counter: CROSSING_CANDIDATE: frame=2239 tid=24 dir=A_TO_B
2026-08-29 22:16:22 [INFO] uvh_test.counter: CROSSING_CONFIRMED: frame=2240 tid=24 dir=A_TO_B
2026-08-29 22:16:22 [INFO] uvh_test.counter: COUNTED: frame=2240 tid=24 class=Two-wheeler
2026-08-29 22:16:22 [INFO] uvh_test.counter: COUNT: frame=2240 tid=24 class=Two-wheeler direction=A_TO_B track_age=73 point=(1320.0, 362.2)
2026-08-29 22:16:22 [DEBUG] uvh_test.main: frame=2240 COUNTED track_id=24 class=Two-wheeler
2026-08-29 22:16:35 [INFO] uvh_test.counter: CROSSING_CANDIDATE: frame=2976 tid=28 dir=A_TO_B
2026-08-29 22:16:35 [INFO] uvh_test.counter: CROSSING_CONFIRMED: frame=2977 tid=28 dir=A_TO_B
2026-08-29 22:16:35 [INFO] uvh_test.counter: COUNTED: frame=2977 tid=28 class=Two-wheeler
2026-08-29 22:16:35 [INFO] uvh_test.counter: COUNT: frame=2977 tid=28 class=Two-wheeler direction=A_TO_B track_age=110 point=(1285.4, 360.2)
2026-08-29 22:16:35 [DEBUG] uvh_test.main: frame=2977 COUNTED track_id=28 class=Two-wheeler
2026-08-29 22:16:50 [INFO] uvh_test.counter: CROSSING_CANDIDATE: frame=3831 tid=31 dir=A_TO_B
2026-08-29 22:16:50 [INFO] uvh_test.counter: CROSSING_CONFIRMED: frame=3832 tid=31 dir=A_TO_B
2026-08-29 22:16:50 [INFO] uvh_test.counter: COUNTED: frame=3832 tid=31 class=Two-wheeler
2026-08-29 22:16:50 [INFO] uvh_test.counter: COUNT: frame=3832 tid=31 class=Two-wheeler direction=A_TO_B track_age=5 point=(1495.4, 518.0)
2026-08-29 22:16:50 [DEBUG] uvh_test.main: frame=3832 COUNTED track_id=31 class=Two-wheeler
2026-08-29 22:16:55 [INFO] uvh_test.counter: CROSSING_CANDIDATE: frame=4079 tid=34 dir=A_TO_B
2026-08-29 22:16:55 [INFO] uvh_test.counter: CROSSING_CONFIRMED: frame=4080 tid=34 dir=A_TO_B
2026-08-29 22:16:55 [INFO] uvh_test.counter: COUNTED: frame=4080 tid=34 class=Two-wheeler
2026-08-29 22:16:55 [INFO] uvh_test.counter: COUNT: frame=4080 tid=34 class=Two-wheeler direction=A_TO_B track_age=49 point=(1334.9, 400.5)
2026-08-29 22:16:55 [DEBUG] uvh_test.main: frame=4080 COUNTED track_id=34 class=Two-wheeler
2026-08-29 22:16:56 [INFO] uvh_test.counter: CROSSING_CANDIDATE: frame=4135 tid=32 dir=A_TO_B
2026-08-29 22:16:56 [INFO] uvh_test.counter: CROSSING_CONFIRMED: frame=4136 tid=32 dir=A_TO_B
2026-08-29 22:16:56 [INFO] uvh_test.counter: COUNTED: frame=4136 tid=32 class=Two-wheeler
2026-08-29 22:16:56 [INFO] uvh_test.counter: COUNT: frame=4136 tid=32 class=Two-wheeler direction=A_TO_B track_age=129 point=(1301.4, 360.6)
2026-08-29 22:16:56 [DEBUG] uvh_test.main: frame=4136 COUNTED track_id=32 class=Two-wheeler
2026-08-29 22:17:03 [INFO] uvh_test.counter: CROSSING_CANDIDATE: frame=4555 tid=35 dir=A_TO_B
2026-08-29 22:17:03 [INFO] uvh_test.counter: CROSSING_CONFIRMED: frame=4556 tid=35 dir=A_TO_B
2026-08-29 22:17:03 [INFO] uvh_test.counter: COUNTED: frame=4556 tid=35 class=Two-wheeler
2026-08-29 22:17:03 [INFO] uvh_test.counter: COUNT: frame=4556 tid=35 class=Two-wheeler direction=A_TO_B track_age=9 point=(1659.9, 689.9)
2026-08-29 22:17:03 [DEBUG] uvh_test.main: frame=4556 COUNTED track_id=35 class=Two-wheeler
2026-08-29 22:17:10 [INFO] uvh_test.counter: CROSSING_CANDIDATE: frame=4915 tid=39 dir=A_TO_B
2026-08-29 22:17:10 [INFO] uvh_test.counter: CROSSING_CANDIDATE: frame=4916 tid=38 dir=A_TO_B
2026-08-29 22:17:10 [INFO] uvh_test.counter: CROSSING_CONFIRMED: frame=4916 tid=39 dir=A_TO_B
2026-08-29 22:17:10 [INFO] uvh_test.counter: COUNTED: frame=4916 tid=39 class=Sedan
2026-08-29 22:17:10 [INFO] uvh_test.counter: COUNT: frame=4916 tid=39 class=Sedan direction=A_TO_B track_age=17 point=(1557.9, 595.5)
2026-08-29 22:17:10 [DEBUG] uvh_test.main: frame=4916 COUNTED track_id=39 class=Sedan
2026-08-29 22:17:10 [INFO] uvh_test.counter: CROSSING_CONFIRMED: frame=4917 tid=38 dir=A_TO_B
2026-08-29 22:17:10 [INFO] uvh_test.counter: REJECTED: frame=4917 tid=38 as fragment of recent crossing (dist=73.1, bbox_max=314.4).
2026-08-29 22:17:28 [INFO] uvh_test.main: HARD STOP at 1 minutes reached.
2026-08-29 22:17:28 [INFO] uvh_test.main: Wrote /home/users/oauser/mvsa/results/test_run_output/tracks.jsonl
2026-08-29 22:17:28 [INFO] uvh_test.main: Processing complete. Final Counts:
2026-08-29 22:17:28 [INFO] uvh_test.main: Two-wheeler: 7
2026-08-29 22:17:28 [INFO] uvh_test.main: Truck: 1
2026-08-29 22:17:28 [INFO] uvh_test.main: SUV: 2
2026-08-29 22:17:28 [INFO] uvh_test.main: Sedan: 1
